#
# A fatal error has been detected by the Java Runtime Environment:
#
#  SIGSEGV (0xb) at pc=0x00007fbfe2264273, pid=216154, tid=140464231245568
#
# JRE version: Java(TM) SE Runtime Environment (8.0_40-b26) (build 1.8.0_40-b26)
# Java VM: Java HotSpot(TM) 64-Bit Server VM (25.40-b25 mixed mode linux-amd64 compressed oops)
# Problematic frame:
# C  [libstdc++.so.6+0x75273]  std::_Rb_tree_rebalance_for_erase(std::_Rb_tree_node_base*, std::_Rb_tree_node_base&)+0x193
#
# Failed to write core dump. Core dumps have been disabled. To enable core dumping, try "ulimit -c unlimited" before starting Java again
#
# If you would like to submit a bug report, please visit:
#   http://bugreport.java.com/bugreport/crash.jsp
#

---------------  T H R E A D  ---------------

Current thread (0x00007fc05c07e800):  VMThread [stack: 0x00007fc0608b7000,0x00007fc0609b7000] [id=216160]

siginfo: si_signo: 11 (SIGSEGV), si_code: 1 (SEGV_MAPERR), si_addr: 0x0000000800000000

Registers:
RAX=0x0000000800000000, RBX=0x00007fc05d1c9af0, RCX=0x0000000000000001, RDX=0x0000000000000001
RSP=0x00007fc0609b5788, RBP=0x0000000000000000, RSI=0x00007fc05d1c9af0, RDI=0x00007fc05d1cba10
R8 =0x00007fc05d1ce2b0, R9 =0x0000000000000007, R10=0x000000000000001a, R11=0x00007fbfe22640e0
R12=0x0000000000000000, R13=0x00007fbfe31dedb0, R14=0x00007fbfe31deda8, R15=0x00007fc05d1cde40
RIP=0x00007fbfe2264273, EFLAGS=0x0000000000010206, CSGSFS=0x002b000000000033, ERR=0x0000000000000004
  TRAPNO=0x000000000000000e

Top of Stack: (sp=0x00007fc0609b5788)
0x00007fc0609b5788:   00007fbfe31d5340 00007fbfe31deda0
0x00007fc0609b5798:   00007fc05d1c9bb0 00007fc05d1cde40
0x00007fc0609b57a8:   00007fc05d1c9bb0 00007fbfe31deda8
0x00007fc0609b57b8:   00007fbfe2c6529b 0000000000000000
0x00007fc0609b57c8:   00007fbfe31d5340 0000000000000000
0x00007fc0609b57d8:   00007fc065bc0758 00000000000006ec
0x00007fc0609b57e8:   00007fc065bc5508 00007fc05d1cd750
0x00007fc0609b57f8:   00007fbfe2bbe8fa 00000000000006ec
0x00007fc0609b5808:   0000000000000001 0000000000000000
0x00007fc0609b5818:   00007fc06585129c 00007fc018f562a0
0x00007fc0609b5828:   00000001c0ce0300 00007fc05c02da30
0x00007fc0609b5838:   0000000000000000 00007fc0609b5890
0x00007fc0609b5848:   00007fc05c07dc90 00007fc05c02da30
0x00007fc0609b5858:   00000000000003d8 00007fc05c02de18
0x00007fc0609b5868:   00007fc0658513d0 0000000000000000
0x00007fc0609b5878:   00007fc064eb6547 00007fc0609b58b0
0x00007fc0609b5888:   00007fc018f562a0 00007fc0609b58e0
0x00007fc0609b5898:   00007fc0652edac5 00007fc0609b58c0
0x00007fc0609b58a8:   00007fc05c02da40 0000000000003d1c
0x00007fc0609b58b8:   0000000000000000 00007fc018f562a0
0x00007fc0609b58c8:   00007fc05c07dc90 00007fc05c02da30
0x00007fc0609b58d8:   00007fc0657914b8 00007fc0609b5990
0x00007fc0609b58e8:   00007fc0652ebe9a 00007fc0657d16a0
0x00007fc0609b58f8:   00007fc05c02da40 00007fc05c02de18
0x00007fc0609b5908:   00000000000003d8 0000000000000000
0x00007fc0609b5918:   00000037d075b7e4 0000000400000301
0x00007fc0609b5928:   00007fc05c07f820 0000000000000000
0x00007fc0609b5938:   00007fc04e388e41 00007fc04e388c00
0x00007fc0609b5948:   0000000000000000 0000000000000000
0x00007fc0609b5958:   00007fc03ccdd5e0 00007fc0657c64f8
0x00007fc0609b5968:   0000000000000000 0000000000000000
0x00007fc0609b5978:   00007fc0657c64f8 00007fc05c07e800 

Instructions: (pc=0x00007fbfe2264273)
0x00007fbfe2264253:   41 5e 4c 89 f8 41 5f c3 0f 1f 44 00 00 48 8b 7b
0x00007fbfe2264263:   18 8b 17 85 d2 74 36 48 8b 47 10 48 85 c0 74 09
0x00007fbfe2264273:   83 38 01 0f 85 9a 01 00 00 48 8b 47 18 48 85 c0
0x00007fbfe2264283:   74 05 83 38 01 75 8e c7 07 00 00 00 00 48 8b 53 

Register to memory mapping:

RAX=0x0000000800000000 is an unknown value
RBX=0x00007fc05d1c9af0 is an unknown value
RCX=0x0000000000000001 is an unknown value
RDX=0x0000000000000001 is an unknown value
RSP=0x00007fc0609b5788 is an unknown value
RBP=0x0000000000000000 is an unknown value
RSI=0x00007fc05d1c9af0 is an unknown value
RDI=0x00007fc05d1cba10 is an unknown value
R8 =0x00007fc05d1ce2b0 is an unknown value
R9 =0x0000000000000007 is an unknown value
R10=0x000000000000001a is an unknown value
R11=0x00007fbfe22640e0: _ZSt28_Rb_tree_rebalance_for_erasePSt18_Rb_tree_node_baseRS_+0 in /home/install/INCISIVE152/tools.lnx86/lib/64bit/libstdc++.so.6 at 0x00007fbfe21ef000
R12=0x0000000000000000 is an unknown value
R13=0x00007fbfe31dedb0: <offset 0x8badb0> in /home/install/INCISIVE152/tools.lnx86/lib/64bit/libucis.so at 0x00007fbfe2924000
R14=0x00007fbfe31deda8: <offset 0x8bada8> in /home/install/INCISIVE152/tools.lnx86/lib/64bit/libucis.so at 0x00007fbfe2924000
R15=0x00007fc05d1cde40 is an unknown value


Stack: [0x00007fc0608b7000,0x00007fc0609b7000],  sp=0x00007fc0609b5788,  free space=1017k
Native frames: (J=compiled Java code, j=interpreted, Vv=VM code, C=native code)
C  [libstdc++.so.6+0x75273]  std::_Rb_tree_rebalance_for_erase(std::_Rb_tree_node_base*, std::_Rb_tree_node_base&)+0x193

[error occurred during error reporting (printing native stack), id 0xb]

VM_Operation (0x00007fc018f562a0): Exit, mode: safepoint, requested by thread 0x00007fc05cb0c800


---------------  P R O C E S S  ---------------

Java Threads: ( => current thread )
  0x00007fbfe4c04800 JavaThread "pool-8-thread-10" [_thread_blocked, id=216348, stack(0x00007fbfabb12000,0x00007fbfac000000)]
  0x00007fbfe4791000 JavaThread "pool-8-thread-9" [_thread_blocked, id=216343, stack(0x00007fbfb8359000,0x00007fbfb8847000)]
  0x00007fbfe478f800 JavaThread "pool-8-thread-8" [_thread_blocked, id=216337, stack(0x00007fbfb8847000,0x00007fbfb8d35000)]
  0x00007fbfe478d000 JavaThread "pool-8-thread-7" [_thread_blocked, id=216336, stack(0x00007fbfb8d35000,0x00007fbfb9223000)]
  0x00007fbfe4665800 JavaThread "pool-8-thread-6" [_thread_blocked, id=216335, stack(0x00007fbfb9223000,0x00007fbfb9711000)]
  0x00007fbfe4668800 JavaThread "pool-8-thread-5" [_thread_blocked, id=216325, stack(0x00007fbfb9711000,0x00007fbfb9bff000)]
  0x00007fbfe4713800 JavaThread "pool-8-thread-4" [_thread_blocked, id=216324, stack(0x00007fbfd0132000,0x00007fbfd0620000)]
  0x00007fbfe4614000 JavaThread "pool-8-thread-3" [_thread_blocked, id=216249, stack(0x00007fbfd0620000,0x00007fbfd0b0e000)]
  0x00007fbfe4788800 JavaThread "pool-8-thread-2" [_thread_blocked, id=216248, stack(0x00007fbfd0b0e000,0x00007fbfd0ffc000)]
  0x00007fbfe4348800 JavaThread "Thread-11" [_thread_blocked, id=216220, stack(0x00007fbfd18ea000,0x00007fbfd1dd8000)]
  0x00007fc05c011000 JavaThread "DestroyJavaVM" [_thread_blocked, id=216155, stack(0x00007fc063fc8000,0x00007fc0644b6000)]
  0x00007fc05d723800 JavaThread "pool-8-thread-1" [_thread_blocked, id=216217, stack(0x00007fbfd2801000,0x00007fbfd2cef000)]
  0x00007fc05d705800 JavaThread "BLNativeThread-1" daemon [_thread_blocked, id=216216, stack(0x00007fbfb9bff000,0x00007fbfc0000000)]
  0x00007fc05d6ed000 JavaThread "Thread-10" [_thread_in_native, id=216211, stack(0x00007fbfd33dd000,0x00007fbfd38cb000)]
  0x00007fc05d692800 JavaThread "server-timer" daemon [_thread_blocked, id=216210, stack(0x00007fbfd38cb000,0x00007fbfd3db9000)]
  0x00007fbfd8007800 JavaThread "shared-license-bridge-op-thread" daemon [_thread_blocked, id=216207, stack(0x00007fbfe03b1000,0x00007fbfe089f000)]
  0x00007fbfd4002800 JavaThread "shared-license-bridge-recheck-timer" daemon [_thread_blocked, id=216206, stack(0x00007fbfe0a9f000,0x00007fbfe0f8d000)]
  0x00007fc05d528800 JavaThread "Timer-0" daemon [_thread_blocked, id=216204, stack(0x00007fbfe167b000,0x00007fbfe1b69000)]
  0x00007fc05cd8d800 JavaThread "TimerQueue" daemon [_thread_blocked, id=216183, stack(0x00007fc01857e000,0x00007fc018a6c000)]
  0x00007fc05cb0c800 JavaThread "AWT-EventQueue-0" [_thread_blocked, id=216182, stack(0x00007fc018a6c000,0x00007fc018f5a000)]
  0x00007fc05cb1b000 JavaThread "AWT-Shutdown" [_thread_blocked, id=216181, stack(0x00007fc0193d9000,0x00007fc0198c7000)]
  0x00007fc05cabb800 JavaThread "AWT-XAWT" daemon [_thread_blocked, id=216175, stack(0x00007fc03c7f1000,0x00007fc03ccdf000)]
  0x00007fc05caa0800 JavaThread "Java2D Disposer" daemon [_thread_blocked, id=216174, stack(0x00007fc03d0f0000,0x00007fc03d5de000)]
  0x00007fc05c861000 JavaThread "FileWatchdog" daemon [_thread_blocked, id=216172, stack(0x00007fc03f554000,0x00007fc03fa42000)]
  0x00007fc05c0d1000 JavaThread "Service Thread" daemon [_thread_blocked, id=216169, stack(0x00007fc04c136000,0x00007fc04c624000)]
  0x00007fc05c0c4000 JavaThread "C1 CompilerThread2" daemon [_thread_blocked, id=216168, stack(0x00007fc0600c6000,0x00007fc0601c6000)]
  0x00007fc05c0c2000 JavaThread "C2 CompilerThread1" daemon [_thread_blocked, id=216167, stack(0x00007fc0601c7000,0x00007fc0602c7000)]
  0x00007fc05c0bf000 JavaThread "C2 CompilerThread0" daemon [_thread_blocked, id=216166, stack(0x00007fc0602c8000,0x00007fc0603c8000)]
  0x00007fc05c0be000 JavaThread "Signal Dispatcher" daemon [_thread_blocked, id=216165, stack(0x00007fc04c624000,0x00007fc04cb12000)]
  0x00007fc05c085800 JavaThread "Finalizer" daemon [_thread_blocked, id=216162, stack(0x00007fc04cb12000,0x00007fc04d000000)]
  0x00007fc05c083800 JavaThread "Reference Handler" daemon [_thread_blocked, id=216161, stack(0x00007fc0603c8000,0x00007fc0608b6000)]

Other Threads:
=>0x00007fc05c07e800 VMThread [stack: 0x00007fc0608b7000,0x00007fc0609b7000] [id=216160]

VM state:at safepoint (shutting down)

VM Mutex/Monitor currently owned by a thread:  ([mutex/lock_event])
[0x00007fc05c00e260] Threads_lock - owner thread: 0x00007fc05c07e800

Heap:
 PSYoungGen      total 342528K, used 172507K [0x00000000d5580000, 0x00000000ef880000, 0x0000000100000000)
  eden space 319488K, 53% used [0x00000000d5580000,0x00000000dfdf6e80,0x00000000e8d80000)
  from space 23040K, 0% used [0x00000000ea980000,0x00000000ea980000,0x00000000ec000000)
  to   space 28672K, 0% used [0x00000000e8d80000,0x00000000e8d80000,0x00000000ea980000)
 ParOldGen       total 286208K, used 63428K [0x0000000080000000, 0x0000000091780000, 0x00000000d5580000)
  object space 286208K, 22% used [0x0000000080000000,0x0000000083df11d0,0x0000000091780000)
 Metaspace       used 60981K, capacity 61596K, committed 62296K, reserved 1101824K
  class space    used 8798K, capacity 8966K, committed 9088K, reserved 1048576K

Card table byte_map: [0x00007fc062d95000,0x00007fc063196000] byte_map_base: 0x00007fc062995000

Marking Bits: (ParMarkBitMap*) 0x00007fc0657d56c0
 Begin Bits: [0x00007fc044000000, 0x00007fc046000000)
 End Bits:   [0x00007fc046000000, 0x00007fc048000000)

Polling page: 0x00007fc06642a000

CodeCache: size=245760Kb used=25895Kb max_used=25906Kb free=219865Kb
 bounds [0x00007fc04d000000, 0x00007fc04e980000, 0x00007fc05c000000]
 total_blobs=8631 nmethods=7795 adapters=744
 compilation: enabled

Compilation events (10 events):
Event: 239.713 Thread 0x00007fc05c0c4000 nmethod 9419 0x00007fc04e962350 code [0x00007fc04e962540, 0x00007fc04e9630c8]
Event: 239.713 Thread 0x00007fc05c0c4000 9417       3       java.util.logging.LogManager$LoggerContext::ensureInitialized (24 bytes)
Event: 239.713 Thread 0x00007fc05c0c4000 nmethod 9417 0x00007fc04e969cd0 code [0x00007fc04e969ea0, 0x00007fc04e96a6c8]
Event: 239.713 Thread 0x00007fc05c0c4000 9418  s    3       java.util.logging.LogManager$LoggerContext::findLogger (40 bytes)
Event: 239.713 Thread 0x00007fc05c0c4000 nmethod 9418 0x00007fc04e96c190 code [0x00007fc04e96c3a0, 0x00007fc04e96d248]
Event: 239.715 Thread 0x00007fc05c0c4000 9420       3       java.io.File::lastModified (33 bytes)
Event: 239.715 Thread 0x00007fc05c0bf000 9422       4       java.util.ArrayList::isEmpty (13 bytes)
Event: 239.716 Thread 0x00007fc05c0c4000 nmethod 9420 0x00007fc04e968fd0 code [0x00007fc04e9691c0, 0x00007fc04e969888]
Event: 239.716 Thread 0x00007fc05c0bf000 nmethod 9422 0x00007fc04df25150 code [0x00007fc04df252a0, 0x00007fc04df25318]
Event: 239.720 Thread 0x00007fc05c0c4000 9425  s    3       java.io.ExpiringCache::clear (10 bytes)

GC Heap History (10 events):
Event: 2.699 GC heap before
{Heap before GC invocations=5 (full 1):
 PSYoungGen      total 141824K, used 131072K [0x00000000d5580000, 0x00000000e6a80000, 0x0000000100000000)
  eden space 131072K, 100% used [0x00000000d5580000,0x00000000dd580000,0x00000000dd580000)
  from space 10752K, 0% used [0x00000000dd580000,0x00000000dd580000,0x00000000de000000)
  to   space 10752K, 0% used [0x00000000e6000000,0x00000000e6000000,0x00000000e6a80000)
 ParOldGen       total 175104K, used 26031K [0x0000000080000000, 0x000000008ab00000, 0x00000000d5580000)
  object space 175104K, 14% used [0x0000000080000000,0x000000008196bc48,0x000000008ab00000)
 Metaspace       used 28860K, capacity 29090K, committed 29440K, reserved 1075200K
  class space    used 3488K, capacity 3544K, committed 3584K, reserved 1048576K
Event: 2.716 GC heap after
Heap after GC invocations=5 (full 1):
 PSYoungGen      total 217088K, used 10750K [0x00000000d5580000, 0x00000000e6a80000, 0x0000000100000000)
  eden space 206336K, 0% used [0x00000000d5580000,0x00000000d5580000,0x00000000e1f00000)
  from space 10752K, 99% used [0x00000000e6000000,0x00000000e6a7fbb8,0x00000000e6a80000)
  to   space 10752K, 0% used [0x00000000e5580000,0x00000000e5580000,0x00000000e6000000)
 ParOldGen       total 175104K, used 26761K [0x0000000080000000, 0x000000008ab00000, 0x00000000d5580000)
  object space 175104K, 15% used [0x0000000080000000,0x0000000081a224a8,0x000000008ab00000)
 Metaspace       used 28860K, capacity 29090K, committed 29440K, reserved 1075200K
  class space    used 3488K, capacity 3544K, committed 3584K, reserved 1048576K
}
Event: 3.468 GC heap before
{Heap before GC invocations=6 (full 1):
 PSYoungGen      total 217088K, used 156603K [0x00000000d5580000, 0x00000000e6a80000, 0x0000000100000000)
  eden space 206336K, 70% used [0x00000000d5580000,0x00000000de3ef090,0x00000000e1f00000)
  from space 10752K, 99% used [0x00000000e6000000,0x00000000e6a7fbb8,0x00000000e6a80000)
  to   space 10752K, 0% used [0x00000000e5580000,0x00000000e5580000,0x00000000e6000000)
 ParOldGen       total 175104K, used 26761K [0x0000000080000000, 0x000000008ab00000, 0x00000000d5580000)
  object space 175104K, 15% used [0x0000000080000000,0x0000000081a224a8,0x000000008ab00000)
 Metaspace       used 34843K, capacity 35188K, committed 35456K, reserved 1081344K
  class space    used 4300K, capacity 4423K, committed 4480K, reserved 1048576K
Event: 3.481 GC heap after
Heap after GC invocations=6 (full 1):
 PSYoungGen      total 272896K, used 10725K [0x00000000d5580000, 0x00000000ec000000, 0x0000000100000000)
  eden space 262144K, 0% used [0x00000000d5580000,0x00000000d5580000,0x00000000e5580000)
  from space 10752K, 99% used [0x00000000e5580000,0x00000000e5ff9510,0x00000000e6000000)
  to   space 23040K, 0% used [0x00000000ea980000,0x00000000ea980000,0x00000000ec000000)
 ParOldGen       total 175104K, used 33146K [0x0000000080000000, 0x000000008ab00000, 0x00000000d5580000)
  object space 175104K, 18% used [0x0000000080000000,0x000000008205eb08,0x000000008ab00000)
 Metaspace       used 34843K, capacity 35188K, committed 35456K, reserved 1081344K
  class space    used 4300K, capacity 4423K, committed 4480K, reserved 1048576K
}
Event: 3.481 GC heap before
{Heap before GC invocations=7 (full 2):
 PSYoungGen      total 272896K, used 10725K [0x00000000d5580000, 0x00000000ec000000, 0x0000000100000000)
  eden space 262144K, 0% used [0x00000000d5580000,0x00000000d5580000,0x00000000e5580000)
  from space 10752K, 99% used [0x00000000e5580000,0x00000000e5ff9510,0x00000000e6000000)
  to   space 23040K, 0% used [0x00000000ea980000,0x00000000ea980000,0x00000000ec000000)
 ParOldGen       total 175104K, used 33146K [0x0000000080000000, 0x000000008ab00000, 0x00000000d5580000)
  object space 175104K, 18% used [0x0000000080000000,0x000000008205eb08,0x000000008ab00000)
 Metaspace       used 34843K, capacity 35188K, committed 35456K, reserved 1081344K
  class space    used 4300K, capacity 4423K, committed 4480K, reserved 1048576K
Event: 3.544 GC heap after
Heap after GC invocations=7 (full 2):
 PSYoungGen      total 272896K, used 0K [0x00000000d5580000, 0x00000000ec000000, 0x0000000100000000)
  eden space 262144K, 0% used [0x00000000d5580000,0x00000000d5580000,0x00000000e5580000)
  from space 10752K, 0% used [0x00000000e5580000,0x00000000e5580000,0x00000000e6000000)
  to   space 23040K, 0% used [0x00000000ea980000,0x00000000ea980000,0x00000000ec000000)
 ParOldGen       total 206336K, used 41778K [0x0000000080000000, 0x000000008c980000, 0x00000000d5580000)
  object space 206336K, 20% used [0x0000000080000000,0x00000000828cc888,0x000000008c980000)
 Metaspace       used 34843K, capacity 35188K, committed 35456K, reserved 1081344K
  class space    used 4300K, capacity 4423K, committed 4480K, reserved 1048576K
}
Event: 6.181 GC heap before
{Heap before GC invocations=8 (full 2):
 PSYoungGen      total 272896K, used 232895K [0x00000000d5580000, 0x00000000ec000000, 0x0000000100000000)
  eden space 262144K, 88% used [0x00000000d5580000,0x00000000e38efd28,0x00000000e5580000)
  from space 10752K, 0% used [0x00000000e5580000,0x00000000e5580000,0x00000000e6000000)
  to   space 23040K, 0% used [0x00000000ea980000,0x00000000ea980000,0x00000000ec000000)
 ParOldGen       total 206336K, used 41778K [0x0000000080000000, 0x000000008c980000, 0x00000000d5580000)
  object space 206336K, 20% used [0x0000000080000000,0x00000000828cc888,0x000000008c980000)
 Metaspace       used 57952K, capacity 58534K, committed 59096K, reserved 1099776K
  class space    used 8553K, capacity 8675K, committed 8704K, reserved 1048576K
Event: 6.239 GC heap after
Heap after GC invocations=8 (full 2):
 PSYoungGen      total 342528K, used 23023K [0x00000000d5580000, 0x00000000ef880000, 0x0000000100000000)
  eden space 319488K, 0% used [0x00000000d5580000,0x00000000d5580000,0x00000000e8d80000)
  from space 23040K, 99% used [0x00000000ea980000,0x00000000ebffbcd0,0x00000000ec000000)
  to   space 28672K, 0% used [0x00000000e8d80000,0x00000000e8d80000,0x00000000ea980000)
 ParOldGen       total 206336K, used 46588K [0x0000000080000000, 0x000000008c980000, 0x00000000d5580000)
  object space 206336K, 22% used [0x0000000080000000,0x0000000082d7f148,0x000000008c980000)
 Metaspace       used 57952K, capacity 58534K, committed 59096K, reserved 1099776K
  class space    used 8553K, capacity 8675K, committed 8704K, reserved 1048576K
}
Event: 6.239 GC heap before
{Heap before GC invocations=9 (full 3):
 PSYoungGen      total 342528K, used 23023K [0x00000000d5580000, 0x00000000ef880000, 0x0000000100000000)
  eden space 319488K, 0% used [0x00000000d5580000,0x00000000d5580000,0x00000000e8d80000)
  from space 23040K, 99% used [0x00000000ea980000,0x00000000ebffbcd0,0x00000000ec000000)
  to   space 28672K, 0% used [0x00000000e8d80000,0x00000000e8d80000,0x00000000ea980000)
 ParOldGen       total 206336K, used 46588K [0x0000000080000000, 0x000000008c980000, 0x00000000d5580000)
  object space 206336K, 22% used [0x0000000080000000,0x0000000082d7f148,0x000000008c980000)
 Metaspace       used 57952K, capacity 58534K, committed 59096K, reserved 1099776K
  class space    used 8553K, capacity 8675K, committed 8704K, reserved 1048576K
Event: 6.373 GC heap after
Heap after GC invocations=9 (full 3):
 PSYoungGen      total 342528K, used 0K [0x00000000d5580000, 0x00000000ef880000, 0x0000000100000000)
  eden space 319488K, 0% used [0x00000000d5580000,0x00000000d5580000,0x00000000e8d80000)
  from space 23040K, 0% used [0x00000000ea980000,0x00000000ea980000,0x00000000ec000000)
  to   space 28672K, 0% used [0x00000000e8d80000,0x00000000e8d80000,0x00000000ea980000)
 ParOldGen       total 286208K, used 63428K [0x0000000080000000, 0x0000000091780000, 0x00000000d5580000)
  object space 286208K, 22% used [0x0000000080000000,0x0000000083df11d0,0x0000000091780000)
 Metaspace       used 57952K, capacity 58534K, committed 59096K, reserved 1099776K
  class space    used 8553K, capacity 8675K, committed 8704K, reserved 1048576K
}

Deoptimization events (10 events):
Event: 24.941 Thread 0x00007fbfe478f800 Uncommon trap: reason=unstable_if action=reinterpret pc=0x00007fc04e68ac70 method=java.util.HashMap.putVal(ILjava/lang/Object;Ljava/lang/Object;ZZ)Ljava/lang/Object; @ 109
Event: 24.989 Thread 0x00007fc05cb0c800 Uncommon trap: reason=unstable_if action=reinterpret pc=0x00007fc04d36f358 method=java.util.HashMap.resize()[Ljava/util/HashMap$Node; @ 206
Event: 28.676 Thread 0x00007fc05cb0c800 Uncommon trap: reason=unstable_if action=reinterpret pc=0x00007fc04d1df9b8 method=sun.font.TrueTypeFont.checkUseNatives()Z @ 4
Event: 29.067 Thread 0x00007fc05cb0c800 Uncommon trap: reason=unstable_if action=reinterpret pc=0x00007fc04dcf61e8 method=sun.java2d.pipe.Region.getIntersectionXYXY(IIII)Lsun/java2d/pipe/Region; @ 55
Event: 48.229 Thread 0x00007fc05cb0c800 Uncommon trap: reason=unstable_if action=reinterpret pc=0x00007fc04df96110 method=sun.java2d.pipe.Region.getIntersectionXYXY(IIII)Lsun/java2d/pipe/Region; @ 55
Event: 48.535 Thread 0x00007fc05cb0c800 Uncommon trap: reason=class_check action=maybe_recompile pc=0x00007fc04e035510 method=java.awt.Container.getMouseEventTargetImpl(IIZLjava/awt/Container$EventTargetFilter;ZZ)Ljava/awt/Component; @ 191
Event: 55.000 Thread 0x00007fc05cb0c800 Uncommon trap: reason=class_check action=maybe_recompile pc=0x00007fc04e035510 method=java.awt.Container.getMouseEventTargetImpl(IIZLjava/awt/Container$EventTargetFilter;ZZ)Ljava/awt/Component; @ 191
Event: 149.892 Thread 0x00007fc05cb0c800 Uncommon trap: reason=unstable_if action=reinterpret pc=0x00007fc04e906350 method=java.awt.Component.areInputMethodsEnabled()Z @ 10
Event: 150.329 Thread 0x00007fc05cb0c800 Uncommon trap: reason=class_check action=maybe_recompile pc=0x00007fc04e035510 method=java.awt.Container.getMouseEventTargetImpl(IIZLjava/awt/Container$EventTargetFilter;ZZ)Ljava/awt/Component; @ 191
Event: 239.697 Thread 0x00007fc05cb0c800 Uncommon trap: reason=unstable_if action=reinterpret pc=0x00007fc04e8f257c method=java.awt.EventQueue.eventToCacheIndex(Ljava/awt/AWTEvent;)I @ 71

Internal exceptions (10 events):
Event: 5.689 Thread 0x00007fc05cb0c800 Exception <a 'java/lang/NoSuchMethodError': <clinit>> (0x00000000e1dbc0a0) thrown at [/HUDSON/workspace/8-2-build-linux-amd64/jdk8u40/3098/hotspot/src/share/vm/prims/jni.cpp, line 1598]
Event: 5.691 Thread 0x00007fc05cb0c800 Exception <a 'java/lang/NoSuchMethodError': <clinit>> (0x00000000e1dd4d48) thrown at [/HUDSON/workspace/8-2-build-linux-amd64/jdk8u40/3098/hotspot/src/share/vm/prims/jni.cpp, line 1598]
Event: 5.693 Thread 0x00007fc05cb0c800 Exception <a 'java/lang/NoSuchMethodError': <clinit>> (0x00000000e1de3d68) thrown at [/HUDSON/workspace/8-2-build-linux-amd64/jdk8u40/3098/hotspot/src/share/vm/prims/jni.cpp, line 1598]
Event: 5.812 Thread 0x00007fc05cb0c800 Exception <a 'java/lang/NoSuchMethodError': <clinit>> (0x00000000e22f6da0) thrown at [/HUDSON/workspace/8-2-build-linux-amd64/jdk8u40/3098/hotspot/src/share/vm/prims/jni.cpp, line 1598]
Event: 5.812 Thread 0x00007fc05cb0c800 Exception <a 'java/lang/NoSuchMethodError': <clinit>> (0x00000000e22fc978) thrown at [/HUDSON/workspace/8-2-build-linux-amd64/jdk8u40/3098/hotspot/src/share/vm/prims/jni.cpp, line 1598]
Event: 5.812 Thread 0x00007fc05cb0c800 Exception <a 'java/lang/NoSuchMethodError': <clinit>> (0x00000000e22ffde8) thrown at [/HUDSON/workspace/8-2-build-linux-amd64/jdk8u40/3098/hotspot/src/share/vm/prims/jni.cpp, line 1598]
Event: 5.812 Thread 0x00007fc05cb0c800 Exception <a 'java/lang/NoSuchMethodError': <clinit>> (0x00000000e2303c78) thrown at [/HUDSON/workspace/8-2-build-linux-amd64/jdk8u40/3098/hotspot/src/share/vm/prims/jni.cpp, line 1598]
Event: 6.459 Thread 0x00007fc05cb0c800 Implicit null exception at 0x00007fc04d617e0c to 0x00007fc04d61802d
Event: 6.697 Thread 0x00007fc05cb0c800 Exception <a 'java/lang/UnsupportedOperationException': > (0x00000000d6f8e950) thrown at [/HUDSON/workspace/8-2-build-linux-amd64/jdk8u40/3098/hotspot/src/share/vm/prims/jni.cpp, line 735]
Event: 23.693 Thread 0x00007fc05cb0c800 Implicit null exception at 0x00007fc04d638af9 to 0x00007fc04d639539

Events (10 events):
Event: 239.720 Executing VM operation: RevokeBias
Event: 239.720 Executing VM operation: RevokeBias done
Event: 239.720 Executing VM operation: RevokeBias
Event: 239.720 Executing VM operation: RevokeBias done
Event: 239.720 Executing VM operation: BulkRevokeBias
Event: 239.720 Executing VM operation: BulkRevokeBias done
Event: 239.720 Executing VM operation: BulkRevokeBias
Event: 239.720 Executing VM operation: BulkRevokeBias done
Event: 239.720 Thread 0x00007fbfe4689800 Thread exited: 0x00007fbfe4689800
Event: 239.721 Executing VM operation: Exit


Dynamic libraries:
00400000-00401000 r-xp 00000000 fd:02 1093721211                         /home/install/INCISIVE152/tools.lnx86/jre1.8.0-64b/bin/java
00600000-00601000 rw-p 00000000 fd:02 1093721211                         /home/install/INCISIVE152/tools.lnx86/jre1.8.0-64b/bin/java
0248b000-024ac000 rw-p 00000000 00:00 0                                  [heap]
80000000-91780000 rw-p 00000000 00:00 0 
91780000-d5580000 ---p 00000000 00:00 0 
d5580000-ef880000 rw-p 00000000 00:00 0 
ef880000-100000000 ---p 00000000 00:00 0 
100000000-1008e0000 rw-p 00000000 00:00 0 
1008e0000-140000000 ---p 00000000 00:00 0 
7fbfaa55a000-7fbfaa55d000 ---p 00000000 00:00 0 
7fbfaa55d000-7fbfaaa48000 rw-p 00000000 00:00 0 
7fbfaaa48000-7fbfaaa4b000 ---p 00000000 00:00 0 
7fbfaaa4b000-7fbfaaf36000 rw-p 00000000 00:00 0 
7fbfaaf36000-7fbfaaf39000 ---p 00000000 00:00 0 
7fbfaaf39000-7fbfab424000 rw-p 00000000 00:00 0 
7fbfab424000-7fbfab427000 ---p 00000000 00:00 0 
7fbfab427000-7fbfabb12000 rw-p 00000000 00:00 0 
7fbfabb12000-7fbfabb15000 ---p 00000000 00:00 0 
7fbfabb15000-7fbfac000000 rw-p 00000000 00:00 0 
7fbfac000000-7fbfac021000 rw-p 00000000 00:00 0 
7fbfac021000-7fbfb0000000 ---p 00000000 00:00 0 
7fbfb0000000-7fbfb0298000 rw-p 00000000 00:00 0 
7fbfb0298000-7fbfb4000000 ---p 00000000 00:00 0 
7fbfb4000000-7fbfb4ee3000 rw-p 00000000 00:00 0 
7fbfb4ee3000-7fbfb8000000 ---p 00000000 00:00 0 
7fbfb812c000-7fbfb8156000 r-xp 00000000 fd:02 1622614485                 /home/install/INCISIVE152/tools.lnx86/jre1.8.0-64b/lib/amd64/libdcpr.so
7fbfb8156000-7fbfb8356000 ---p 0002a000 fd:02 1622614485                 /home/install/INCISIVE152/tools.lnx86/jre1.8.0-64b/lib/amd64/libdcpr.so
7fbfb8356000-7fbfb8359000 rw-p 0002a000 fd:02 1622614485                 /home/install/INCISIVE152/tools.lnx86/jre1.8.0-64b/lib/amd64/libdcpr.so
7fbfb8359000-7fbfb835c000 ---p 00000000 00:00 0 
7fbfb835c000-7fbfb8847000 rw-p 00000000 00:00 0 
7fbfb8847000-7fbfb884a000 ---p 00000000 00:00 0 
7fbfb884a000-7fbfb8d35000 rw-p 00000000 00:00 0 
7fbfb8d35000-7fbfb8d38000 ---p 00000000 00:00 0 
7fbfb8d38000-7fbfb9223000 rw-p 00000000 00:00 0 
7fbfb9223000-7fbfb9226000 ---p 00000000 00:00 0 
7fbfb9226000-7fbfb9711000 rw-p 00000000 00:00 0 
7fbfb9711000-7fbfb9714000 ---p 00000000 00:00 0 
7fbfb9714000-7fbfb9bff000 rw-p 00000000 00:00 0 
7fbfb9bff000-7fbfb9c02000 ---p 00000000 00:00 0 
7fbfb9c02000-7fbfc0000000 rw-p 00000000 00:00 0 
7fbfc0000000-7fbfc0021000 rw-p 00000000 00:00 0 
7fbfc0021000-7fbfc4000000 ---p 00000000 00:00 0 
7fbfc4000000-7fbfc4021000 rw-p 00000000 00:00 0 
7fbfc4021000-7fbfc8000000 ---p 00000000 00:00 0 
7fbfc8000000-7fbfc8021000 rw-p 00000000 00:00 0 
7fbfc8021000-7fbfcc000000 ---p 00000000 00:00 0 
7fbfcc000000-7fbfcc1a2000 rw-p 00000000 00:00 0 
7fbfcc1a2000-7fbfd0000000 ---p 00000000 00:00 0 
7fbfd0132000-7fbfd0135000 ---p 00000000 00:00 0 
7fbfd0135000-7fbfd0620000 rw-p 00000000 00:00 0 
7fbfd0620000-7fbfd0623000 ---p 00000000 00:00 0 
7fbfd0623000-7fbfd0b0e000 rw-p 00000000 00:00 0 
7fbfd0b0e000-7fbfd0b11000 ---p 00000000 00:00 0 
7fbfd0b11000-7fbfd11f2000 rw-p 00000000 00:00 0 
7fbfd11f2000-7fbfd11ff000 ---p 00000000 00:00 0 
7fbfd11ff000-7fbfd18ea000 rw-p 00000000 00:00 0 
7fbfd18ea000-7fbfd18ed000 ---p 00000000 00:00 0 
7fbfd18ed000-7fbfd1fd8000 rw-p 00000000 00:00 0 
7fbfd1fd8000-7fbfd21d8000 rw-p 00000000 00:00 0 
7fbfd21d8000-7fbfd23d8000 rw-p 00000000 00:00 0 
7fbfd23d8000-7fbfd25d8000 rw-p 00000000 00:00 0 
7fbfd25d8000-7fbfd2600000 r-xp 00000000 fd:02 171546021                  /home/install/INCISIVE152/tools.lnx86/lib64/lib_cadencehelp.so.2.0.0
7fbfd2600000-7fbfd27ff000 ---p 00028000 fd:02 171546021                  /home/install/INCISIVE152/tools.lnx86/lib64/lib_cadencehelp.so.2.0.0
7fbfd27ff000-7fbfd2800000 rw-p 00027000 fd:02 171546021                  /home/install/INCISIVE152/tools.lnx86/lib64/lib_cadencehelp.so.2.0.0
7fbfd2800000-7fbfd2801000 rw-p 00000000 00:00 0 
7fbfd2801000-7fbfd2804000 ---p 00000000 00:00 0 
7fbfd2804000-7fbfd2eef000 rw-p 00000000 00:00 0 
7fbfd2eef000-7fbfd2ef2000 ---p 00000000 00:00 0 
7fbfd2ef2000-7fbfd33dd000 rw-p 00000000 00:00 0 
7fbfd33dd000-7fbfd33e0000 ---p 00000000 00:00 0 
7fbfd33e0000-7fbfd38cb000 rw-p 00000000 00:00 0 
7fbfd38cb000-7fbfd38ce000 ---p 00000000 00:00 0 
7fbfd38ce000-7fbfd3db9000 rw-p 00000000 00:00 0 
7fbfd3db9000-7fbfd3deb000 r-xp 00000000 fd:02 1622606973                 /home/install/INCISIVE152/tools.lnx86/jre1.8.0-64b/lib/amd64/libsunec.so
7fbfd3deb000-7fbfd3fea000 ---p 00032000 fd:02 1622606973                 /home/install/INCISIVE152/tools.lnx86/jre1.8.0-64b/lib/amd64/libsunec.so
7fbfd3fea000-7fbfd3ff0000 rw-p 00031000 fd:02 1622606973                 /home/install/INCISIVE152/tools.lnx86/jre1.8.0-64b/lib/amd64/libsunec.so
7fbfd3ff0000-7fbfd4000000 rw-p 00000000 00:00 0 
7fbfd4000000-7fbfd4021000 rw-p 00000000 00:00 0 
7fbfd4021000-7fbfd8000000 ---p 00000000 00:00 0 
7fbfd8000000-7fbfd8021000 rw-p 00000000 00:00 0 
7fbfd8021000-7fbfdc000000 ---p 00000000 00:00 0 
7fbfdc000000-7fbfdc023000 rw-p 00000000 00:00 0 
7fbfdc023000-7fbfe0000000 ---p 00000000 00:00 0 
7fbfe01b1000-7fbfe03b1000 rw-p 00000000 00:00 0 
7fbfe03b1000-7fbfe03b4000 ---p 00000000 00:00 0 
7fbfe03b4000-7fbfe0a9f000 rw-p 00000000 00:00 0 
7fbfe0a9f000-7fbfe0aa2000 ---p 00000000 00:00 0 
7fbfe0aa2000-7fbfe0f8d000 rw-p 00000000 00:00 0 
7fbfe147b000-7fbfe167b000 rw-p 00000000 00:00 0 
7fbfe167b000-7fbfe167e000 ---p 00000000 00:00 0 
7fbfe167e000-7fbfe1d69000 rw-p 00000000 00:00 0 
7fbfe1d69000-7fbfe1f69000 rw-p 00000000 00:00 0 
7fbfe1fef000-7fbfe21ef000 rw-p 00000000 00:00 0 
7fbfe21ef000-7fbfe22d4000 r-xp 00000000 fd:02 1077556008                 /home/install/INCISIVE152/tools.lnx86/lib/64bit/libstdc++.so.6.0.19
7fbfe22d4000-7fbfe24d4000 ---p 000e5000 fd:02 1077556008                 /home/install/INCISIVE152/tools.lnx86/lib/64bit/libstdc++.so.6.0.19
7fbfe24d4000-7fbfe24dc000 r--p 000e5000 fd:02 1077556008                 /home/install/INCISIVE152/tools.lnx86/lib/64bit/libstdc++.so.6.0.19
7fbfe24dc000-7fbfe24de000 rw-p 000ed000 fd:02 1077556008                 /home/install/INCISIVE152/tools.lnx86/lib/64bit/libstdc++.so.6.0.19
7fbfe24de000-7fbfe24f3000 rw-p 00000000 00:00 0 
7fbfe24f3000-7fbfe2509000 r-xp 00000000 fd:00 74567845                   /usr/lib64/libnsl-2.28.so
7fbfe2509000-7fbfe2708000 ---p 00016000 fd:00 74567845                   /usr/lib64/libnsl-2.28.so
7fbfe2708000-7fbfe2709000 r--p 00015000 fd:00 74567845                   /usr/lib64/libnsl-2.28.so
7fbfe2709000-7fbfe270a000 rw-p 00016000 fd:00 74567845                   /usr/lib64/libnsl-2.28.so
7fbfe270a000-7fbfe270c000 rw-p 00000000 00:00 0 
7fbfe270c000-7fbfe2724000 r-xp 00000000 fd:02 1077555870                 /home/install/INCISIVE152/tools.lnx86/lib/64bit/libz_sh.so
7fbfe2724000-7fbfe2923000 ---p 00018000 fd:02 1077555870                 /home/install/INCISIVE152/tools.lnx86/lib/64bit/libz_sh.so
7fbfe2923000-7fbfe2924000 rw-p 00017000 fd:02 1077555870                 /home/install/INCISIVE152/tools.lnx86/lib/64bit/libz_sh.so
7fbfe2924000-7fbfe2f4c000 r-xp 00000000 fd:02 1616465795                 /home/install/INCISIVE152/tools.lnx86/ucd/lib/64bit/libucis.so
7fbfe2f4c000-7fbfe314b000 ---p 00628000 fd:02 1616465795                 /home/install/INCISIVE152/tools.lnx86/ucd/lib/64bit/libucis.so
7fbfe314b000-7fbfe31cd000 rw-p 00627000 fd:02 1616465795                 /home/install/INCISIVE152/tools.lnx86/ucd/lib/64bit/libucis.so
7fbfe31cd000-7fbfe31fd000 rw-p 00000000 00:00 0 
7fbfe31fd000-7fbfe3219000 r-xp 00000000 fd:02 1077555861                 /home/install/INCISIVE152/tools.lnx86/lib/64bit/libcdsCommon_sh.so
7fbfe3219000-7fbfe3419000 ---p 0001c000 fd:02 1077555861                 /home/install/INCISIVE152/tools.lnx86/lib/64bit/libcdsCommon_sh.so
7fbfe3419000-7fbfe341a000 rw-p 0001c000 fd:02 1077555861                 /home/install/INCISIVE152/tools.lnx86/lib/64bit/libcdsCommon_sh.so
7fbfe341a000-7fbfe341e000 rw-p 00000000 00:00 0 
7fbfe341e000-7fbfe3b8a000 r-xp 00000000 fd:02 1620840414                 /home/install/INCISIVE152/tools.lnx86/vmgr/lib/64bit/libimc.so
7fbfe3b8a000-7fbfe3d89000 ---p 0076c000 fd:02 1620840414                 /home/install/INCISIVE152/tools.lnx86/vmgr/lib/64bit/libimc.so
7fbfe3d89000-7fbfe3dd8000 rw-p 0076b000 fd:02 1620840414                 /home/install/INCISIVE152/tools.lnx86/vmgr/lib/64bit/libimc.so
7fbfe3dd8000-7fbfe4000000 rw-p 00000000 00:00 0 
7fbfe4000000-7fbfe4cb2000 rw-p 00000000 00:00 0 
7fbfe4cb2000-7fbfe8000000 ---p 00000000 00:00 0 
7fbfe8000000-7fbfe8021000 rw-p 00000000 00:00 0 
7fbfe8021000-7fbfec000000 ---p 00000000 00:00 0 
7fbfec000000-7fbfec057000 rw-p 00000000 00:00 0 
7fbfec057000-7fbff0000000 ---p 00000000 00:00 0 
7fbff0000000-7fbff0021000 rw-p 00000000 00:00 0 
7fbff0021000-7fbff4000000 ---p 00000000 00:00 0 
7fbff4000000-7fbff4021000 rw-p 00000000 00:00 0 
7fbff4021000-7fbff8000000 ---p 00000000 00:00 0 
7fbff8000000-7fbff8033000 rw-p 00000000 00:00 0 
7fbff8033000-7fbffc000000 ---p 00000000 00:00 0 
7fbffc000000-7fbffc021000 rw-p 00000000 00:00 0 
7fbffc021000-7fc000000000 ---p 00000000 00:00 0 
7fc000000000-7fc000021000 rw-p 00000000 00:00 0 
7fc000021000-7fc004000000 ---p 00000000 00:00 0 
7fc004000000-7fc0052f0000 rw-p 00000000 00:00 0 
7fc0052f0000-7fc008000000 ---p 00000000 00:00 0 
7fc008000000-7fc008021000 rw-p 00000000 00:00 0 
7fc008021000-7fc00c000000 ---p 00000000 00:00 0 
7fc00c000000-7fc00e018000 rw-p 00000000 00:00 0 
7fc00e018000-7fc010000000 ---p 00000000 00:00 0 
7fc010000000-7fc011bda000 rw-p 00000000 00:00 0 
7fc011bda000-7fc014000000 ---p 00000000 00:00 0 
7fc014000000-7fc014021000 rw-p 00000000 00:00 0 
7fc014021000-7fc018000000 ---p 00000000 00:00 0 
7fc018045000-7fc01804a000 r--s 002f8000 fd:02 172613566                  /home/install/INCISIVE152/tools.lnx86/jre1.8.0-64b/lib/charsets.jar
7fc0180eb000-7fc0180ee000 rw-s 00000000 00:01 294941                     /SYSV00000000 (deleted)
7fc0180ee000-7fc018106000 r--s 00000000 fd:00 136735186                  /usr/lib/fontconfig/cache/d4ad7ed3-359b-4e7c-b5a1-119a4a5ae10d-le64.cache-7
7fc018106000-7fc018108000 r--s 00000000 fd:00 135478216                  /usr/lib/fontconfig/cache/4beb1b87-43cf-4fa7-98df-33401e9429b7-le64.cache-7
7fc018108000-7fc01810b000 r--s 00000000 fd:00 135478215                  /usr/lib/fontconfig/cache/2e1896c6-235e-495b-ab3e-0d0ce19749ef-le64.cache-7
7fc01810b000-7fc01810c000 r--s 00000000 fd:00 135478214                  /usr/lib/fontconfig/cache/11ab11c2-02b5-4f3a-9ff7-68b612a5ebb6-le64.cache-7
7fc01810c000-7fc01810d000 r--s 00000000 fd:00 135478213                  /usr/lib/fontconfig/cache/b004ea68-1c44-42fd-9762-9fdef37ad124-le64.cache-7
7fc01810d000-7fc01810e000 r--s 00000000 fd:00 135478211                  /usr/lib/fontconfig/cache/b7300237-944d-4c88-bfdf-0b1c9f040e55-le64.cache-7
7fc01810e000-7fc01810f000 r--s 00000000 fd:00 135478210                  /usr/lib/fontconfig/cache/f092ffaa-012b-4e21-86fd-054e87124c2e-le64.cache-7
7fc01810f000-7fc018112000 r--s 00000000 fd:00 135478209                  /usr/lib/fontconfig/cache/b98e3c3f-b7cd-40b6-b1ff-654bff501ba7-le64.cache-7
7fc018112000-7fc018113000 r--s 00000000 fd:00 136735184                  /usr/lib/fontconfig/cache/e62bae93-3939-46b4-96be-800890f3a71f-le64.cache-7
7fc018113000-7fc018114000 r--s 00000000 fd:00 135013485                  /usr/lib/fontconfig/cache/6d6d6e48-2ce1-4fb1-aed4-035d3168ff80-le64.cache-7
7fc018114000-7fc018118000 r--s 00000000 fd:00 138766505                  /usr/lib/fontconfig/cache/370a08f2-5c0d-4744-8900-7f834fbce3f3-le64.cache-7
7fc018118000-7fc018119000 r--s 00000000 fd:00 135478207                  /usr/lib/fontconfig/cache/d3babee0-a2da-4f2a-b004-e3ac3ac5443d-le64.cache-7
7fc018119000-7fc01811a000 r--s 00000000 fd:00 135478205                  /usr/lib/fontconfig/cache/bb462cb1-3338-4260-8e98-a31c16626334-le64.cache-7
7fc01811a000-7fc01811b000 r--s 00000000 fd:00 135478204                  /usr/lib/fontconfig/cache/2f3ab4d8-2b57-4a62-a58c-403304a50090-le64.cache-7
7fc01811b000-7fc01811c000 r--s 00000000 fd:00 135478202                  /usr/lib/fontconfig/cache/becc8d03-a7bc-45be-b550-5e988535796a-le64.cache-7
7fc01811c000-7fc01811d000 r--s 00000000 fd:00 135478201                  /usr/lib/fontconfig/cache/bb1a92b8-ba37-4a29-a040-1bb9b5879b86-le64.cache-7
7fc01811d000-7fc01811e000 r--s 00000000 fd:00 135478199                  /usr/lib/fontconfig/cache/d0255882-811b-4f3b-be79-0d461d5066fe-le64.cache-7
7fc01811e000-7fc01811f000 r--s 00000000 fd:00 135478198                  /usr/lib/fontconfig/cache/5e2d68d5-e153-4363-ae1b-1527f5d8a17f-le64.cache-7
7fc01811f000-7fc018120000 r--s 00000000 fd:00 135478196                  /usr/lib/fontconfig/cache/cd04a82f-e833-42e5-a33d-57fe19a3ea9d-le64.cache-7
7fc018120000-7fc018121000 r--s 00000000 fd:00 135478195                  /usr/lib/fontconfig/cache/d60f25f3-fe84-4a27-9931-41070cdb7952-le64.cache-7
7fc018121000-7fc018123000 r--s 00000000 fd:00 135013488                  /usr/lib/fontconfig/cache/fb32070a-b690-45a8-9a14-be0f1fa91b19-le64.cache-7
7fc018123000-7fc018125000 r--s 00000000 fd:00 135472910                  /usr/lib/fontconfig/cache/4e54c2fd-519c-4626-aba5-c19b3f377f14-le64.cache-7
7fc018125000-7fc018127000 r--s 00000000 fd:00 135013886                  /usr/lib/fontconfig/cache/0e0b99d0-4252-40ea-979f-98d3d8301d99-le64.cache-7
7fc018127000-7fc018129000 r--s 00000000 fd:00 135472908                  /usr/lib/fontconfig/cache/b30832ce-32bb-46ed-affa-586b49bab9c7-le64.cache-7
7fc018129000-7fc01812b000 r--s 00000000 fd:00 135478193                  /usr/lib/fontconfig/cache/dba0871e-6db3-4502-bb80-5437e2a5723c-le64.cache-7
7fc01812b000-7fc01813a000 r--s 00000000 fd:00 135478192                  /usr/lib/fontconfig/cache/4a591661-7696-446b-bd0d-c130f4abdaa3-le64.cache-7
7fc01813a000-7fc01813c000 r--s 00000000 fd:00 135472907                  /usr/lib/fontconfig/cache/b29b7e07-59dd-4da7-b4a4-dc6ee0fb25a0-le64.cache-7
7fc01813c000-7fc01815e000 r--s 00000000 fd:00 135478190                  /usr/lib/fontconfig/cache/66b021b6-8284-4976-bfad-5828ce256ecd-le64.cache-7
7fc01815e000-7fc018162000 r--s 00000000 fd:00 136735199                  /usr/lib/fontconfig/cache/09251ac9-eb06-45c7-9fde-0c7f60e8ac61-le64.cache-7
7fc018162000-7fc018175000 r--s 00000000 fd:00 135477536                  /usr/lib/fontconfig/cache/84c68906-7677-42db-befb-199c5fe1a674-le64.cache-7
7fc018175000-7fc018375000 rw-p 00000000 00:00 0 
7fc018375000-7fc01837d000 r-xp 00000000 fd:02 1622614493                 /home/install/INCISIVE152/tools.lnx86/jre1.8.0-64b/lib/amd64/libmanagement.so
7fc01837d000-7fc01857d000 ---p 00008000 fd:02 1622614493                 /home/install/INCISIVE152/tools.lnx86/jre1.8.0-64b/lib/amd64/libmanagement.so
7fc01857d000-7fc01857e000 rw-p 00008000 fd:02 1622614493                 /home/install/INCISIVE152/tools.lnx86/jre1.8.0-64b/lib/amd64/libmanagement.so
7fc01857e000-7fc018581000 ---p 00000000 00:00 0 
7fc018581000-7fc018a6c000 rw-p 00000000 00:00 0 
7fc018a6c000-7fc018a6f000 ---p 00000000 00:00 0 
7fc018a6f000-7fc01915a000 rw-p 00000000 00:00 0 
7fc01915a000-7fc0191c3000 r-xp 00000000 fd:02 1622614477                 /home/install/INCISIVE152/tools.lnx86/jre1.8.0-64b/lib/amd64/libt2k.so
7fc0191c3000-7fc0193c2000 ---p 00069000 fd:02 1622614477                 /home/install/INCISIVE152/tools.lnx86/jre1.8.0-64b/lib/amd64/libt2k.so
7fc0193c2000-7fc0193c9000 rw-p 00068000 fd:02 1622614477                 /home/install/INCISIVE152/tools.lnx86/jre1.8.0-64b/lib/amd64/libt2k.so
7fc0193c9000-7fc0193d9000 rw-p 00000000 00:00 0 
7fc0193d9000-7fc0193dc000 ---p 00000000 00:00 0 
7fc0193dc000-7fc0198c7000 rw-p 00000000 00:00 0 
7fc0198c7000-7fc01991b000 r-xp 00000000 fd:02 1622614466                 /home/install/INCISIVE152/tools.lnx86/jre1.8.0-64b/lib/amd64/liblcms.so
7fc01991b000-7fc019b1b000 ---p 00054000 fd:02 1622614466                 /home/install/INCISIVE152/tools.lnx86/jre1.8.0-64b/lib/amd64/liblcms.so
7fc019b1b000-7fc019b20000 rw-p 00054000 fd:02 1622614466                 /home/install/INCISIVE152/tools.lnx86/jre1.8.0-64b/lib/amd64/liblcms.so
7fc019b20000-7fc019b5a000 r-xp 00000000 fd:02 1622614469                 /home/install/INCISIVE152/tools.lnx86/jre1.8.0-64b/lib/amd64/libjpeg.so
7fc019b5a000-7fc019d5a000 ---p 0003a000 fd:02 1622614469                 /home/install/INCISIVE152/tools.lnx86/jre1.8.0-64b/lib/amd64/libjpeg.so
7fc019d5a000-7fc019d5b000 rw-p 0003a000 fd:02 1622614469                 /home/install/INCISIVE152/tools.lnx86/jre1.8.0-64b/lib/amd64/libjpeg.so
7fc019d5b000-7fc019f5b000 rw-p 00000000 00:00 0 
7fc019f5b000-7fc019f5e000 ---p 00000000 00:00 0 
7fc019f5e000-7fc01b04a000 rw-p 00000000 00:00 0 
7fc01b04a000-7fc028000000 r--p 00000000 fd:00 71642363                   /usr/lib/locale/locale-archive
7fc028000000-7fc028021000 rw-p 00000000 00:00 0 
7fc028021000-7fc02c000000 ---p 00000000 00:00 0 
7fc02c000000-7fc02c021000 rw-p 00000000 00:00 0 
7fc02c021000-7fc030000000 ---p 00000000 00:00 0 
7fc030000000-7fc030021000 rw-p 00000000 00:00 0 
7fc030021000-7fc034000000 ---p 00000000 00:00 0 
7fc034000000-7fc03404a000 rw-p 00000000 00:00 0 
7fc03404a000-7fc038000000 ---p 00000000 00:00 0 
7fc038000000-7fc038021000 rw-p 00000000 00:00 0 
7fc038021000-7fc03c000000 ---p 00000000 00:00 0 
7fc03c000000-7fc03c001000 r--s 00000000 fd:00 135478191                  /usr/lib/fontconfig/cache/af851949-e290-4ada-a8de-1f9a91c5a4c1-le64.cache-7
7fc03c001000-7fc03c009000 r--s 00000000 fd:00 135472906                  /usr/lib/fontconfig/cache/a150980d-3d84-4985-8a09-b09230a87480-le64.cache-7
7fc03c009000-7fc03c00b000 r--s 00000000 fd:00 135010598                  /usr/lib/fontconfig/cache/b1be6948-2665-42e2-be09-6da9af83d026-le64.cache-7
7fc03c00b000-7fc03c00d000 r--s 00000000 fd:00 135010596                  /usr/lib/fontconfig/cache/44aa18fc-496f-415e-86bc-d2cd3723679c-le64.cache-7
7fc03c00d000-7fc03c018000 r--s 00000000 fd:00 135478188                  /usr/lib/fontconfig/cache/8eb9c415-3e6a-45a6-abf8-352ca2328f25-le64.cache-7
7fc03c018000-7fc03c01a000 r--s 00000000 fd:00 135472903                  /usr/lib/fontconfig/cache/4e0a6a3a-aa51-4e91-a715-4384d67a5a92-le64.cache-7
7fc03c01a000-7fc03c01b000 r--s 00000000 fd:00 135475728                  /usr/lib/fontconfig/cache/276188f9-db47-4156-8878-a144abf6c4ec-le64.cache-7
7fc03c01b000-7fc03c020000 r--s 00000000 fd:00 135475726                  /usr/lib/fontconfig/cache/868a8c24-a358-4f5b-b2ac-e85d5367337c-le64.cache-7
7fc03c020000-7fc03c025000 r--s 0003f000 fd:02 549720943                  /home/install/INCISIVE152/tools.lnx86/jre1.8.0-64b/lib/ext/sunjce_provider.jar
7fc03c025000-7fc03c028000 r--s 0003a000 fd:02 549720940                  /home/install/INCISIVE152/tools.lnx86/jre1.8.0-64b/lib/ext/sunpkcs11.jar
7fc03c028000-7fc03c02b000 r--s 0001a000 fd:02 172614011                  /home/install/INCISIVE152/tools.lnx86/jre1.8.0-64b/lib/jce.jar
7fc03c02b000-7fc03c041000 r-xp 00000000 fd:00 202097811                  /tmp/vmgr-imc.kite.3HKYHV.1787644494594/jna/jna6785717031886005579.tmp (deleted)
7fc03c041000-7fc03c140000 ---p 00016000 fd:00 202097811                  /tmp/vmgr-imc.kite.3HKYHV.1787644494594/jna/jna6785717031886005579.tmp (deleted)
7fc03c140000-7fc03c142000 rw-p 00015000 fd:00 202097811                  /tmp/vmgr-imc.kite.3HKYHV.1787644494594/jna/jna6785717031886005579.tmp (deleted)
7fc03c1c9000-7fc03c3c9000 rw-p 00000000 00:00 0 
7fc03c3c9000-7fc03c3df000 r-xp 00000000 fd:02 1622614492                 /home/install/INCISIVE152/tools.lnx86/jre1.8.0-64b/lib/amd64/libnet.so
7fc03c3df000-7fc03c5df000 ---p 00016000 fd:02 1622614492                 /home/install/INCISIVE152/tools.lnx86/jre1.8.0-64b/lib/amd64/libnet.so
7fc03c5df000-7fc03c5e0000 rw-p 00016000 fd:02 1622614492                 /home/install/INCISIVE152/tools.lnx86/jre1.8.0-64b/lib/amd64/libnet.so
7fc03c5e0000-7fc03c5f1000 r-xp 00000000 fd:02 1622614475                 /home/install/INCISIVE152/tools.lnx86/jre1.8.0-64b/lib/amd64/libnio.so
7fc03c5f1000-7fc03c7f0000 ---p 00011000 fd:02 1622614475                 /home/install/INCISIVE152/tools.lnx86/jre1.8.0-64b/lib/amd64/libnio.so
7fc03c7f0000-7fc03c7f1000 rw-p 00010000 fd:02 1622614475                 /home/install/INCISIVE152/tools.lnx86/jre1.8.0-64b/lib/amd64/libnio.so
7fc03c7f1000-7fc03c7f4000 ---p 00000000 00:00 0 
7fc03c7f4000-7fc03ccdf000 rw-p 00000000 00:00 0 
7fc03ccdf000-7fc03cce4000 r-xp 00000000 fd:00 67349946                   /usr/lib64/libXfixes.so.3.1.0
7fc03cce4000-7fc03cee3000 ---p 00005000 fd:00 67349946                   /usr/lib64/libXfixes.so.3.1.0
7fc03cee3000-7fc03cee4000 r--p 00004000 fd:00 67349946                   /usr/lib64/libXfixes.so.3.1.0
7fc03cee4000-7fc03cee5000 rw-p 00005000 fd:00 67349946                   /usr/lib64/libXfixes.so.3.1.0
7fc03cee5000-7fc03ceef000 r-xp 00000000 fd:00 67349979                   /usr/lib64/libXcursor.so.1.0.2
7fc03ceef000-7fc03d0ee000 ---p 0000a000 fd:00 67349979                   /usr/lib64/libXcursor.so.1.0.2
7fc03d0ee000-7fc03d0ef000 r--p 00009000 fd:00 67349979                   /usr/lib64/libXcursor.so.1.0.2
7fc03d0ef000-7fc03d0f0000 rw-p 00000000 00:00 0 
7fc03d0f0000-7fc03d0f3000 ---p 00000000 00:00 0 
7fc03d0f3000-7fc03d7de000 rw-p 00000000 00:00 0 
7fc03d7de000-7fc03d7f3000 r-xp 00000000 fd:02 1077556000                 /home/install/INCISIVE152/tools.lnx86/lib/64bit/libgcc_s.so.1
7fc03d7f3000-7fc03d9f3000 ---p 00015000 fd:02 1077556000                 /home/install/INCISIVE152/tools.lnx86/lib/64bit/libgcc_s.so.1
7fc03d9f3000-7fc03d9f4000 rw-p 00015000 fd:02 1077556000                 /home/install/INCISIVE152/tools.lnx86/lib/64bit/libgcc_s.so.1
7fc03d9f4000-7fc03da59000 r-xp 00000000 fd:02 1622606965                 /home/install/INCISIVE152/tools.lnx86/jre1.8.0-64b/lib/amd64/libfontmanager.so
7fc03da59000-7fc03dc58000 ---p 00065000 fd:02 1622606965                 /home/install/INCISIVE152/tools.lnx86/jre1.8.0-64b/lib/amd64/libfontmanager.so
7fc03dc58000-7fc03dc5c000 rw-p 00064000 fd:02 1622606965                 /home/install/INCISIVE152/tools.lnx86/jre1.8.0-64b/lib/amd64/libfontmanager.so
7fc03dc5c000-7fc03dc6d000 rw-p 00000000 00:00 0 
7fc03dc6d000-7fc03dc70000 r-xp 00000000 fd:00 67349818                   /usr/lib64/libXau.so.6.0.0
7fc03dc70000-7fc03de6f000 ---p 00003000 fd:00 67349818                   /usr/lib64/libXau.so.6.0.0
7fc03de6f000-7fc03de70000 r--p 00002000 fd:00 67349818                   /usr/lib64/libXau.so.6.0.0
7fc03de70000-7fc03de71000 rw-p 00000000 00:00 0 
7fc03de71000-7fc03de99000 r-xp 00000000 fd:00 67349940                   /usr/lib64/libxcb.so.1.1.0
7fc03de99000-7fc03e098000 ---p 00028000 fd:00 67349940                   /usr/lib64/libxcb.so.1.1.0
7fc03e098000-7fc03e099000 r--p 00027000 fd:00 67349940                   /usr/lib64/libxcb.so.1.1.0
7fc03e099000-7fc03e09a000 rw-p 00028000 fd:00 67349940                   /usr/lib64/libxcb.so.1.1.0
7fc03e09a000-7fc03e0aa000 r-xp 00000000 fd:00 67349948                   /usr/lib64/libXi.so.6.1.0
7fc03e0aa000-7fc03e2a9000 ---p 00010000 fd:00 67349948                   /usr/lib64/libXi.so.6.1.0
7fc03e2a9000-7fc03e2aa000 r--p 0000f000 fd:00 67349948                   /usr/lib64/libXi.so.6.1.0
7fc03e2aa000-7fc03e2ab000 rw-p 00010000 fd:00 67349948                   /usr/lib64/libXi.so.6.1.0
7fc03e2ab000-7fc03e2b0000 r-xp 00000000 fd:00 67349963                   /usr/lib64/libXtst.so.6.1.0
7fc03e2b0000-7fc03e4b0000 ---p 00005000 fd:00 67349963                   /usr/lib64/libXtst.so.6.1.0
7fc03e4b0000-7fc03e4b1000 r--p 00005000 fd:00 67349963                   /usr/lib64/libXtst.so.6.1.0
7fc03e4b1000-7fc03e4b2000 rw-p 00006000 fd:00 67349963                   /usr/lib64/libXtst.so.6.1.0
7fc03e4b2000-7fc03e4bc000 r-xp 00000000 fd:00 67349951                   /usr/lib64/libXrender.so.1.3.0
7fc03e4bc000-7fc03e6bb000 ---p 0000a000 fd:00 67349951                   /usr/lib64/libXrender.so.1.3.0
7fc03e6bb000-7fc03e6bc000 r--p 00009000 fd:00 67349951                   /usr/lib64/libXrender.so.1.3.0
7fc03e6bc000-7fc03e6bd000 rw-p 0000a000 fd:00 67349951                   /usr/lib64/libXrender.so.1.3.0
7fc03e6bd000-7fc03e7fa000 r-xp 00000000 fd:00 67349942                   /usr/lib64/libX11.so.6.3.0
7fc03e7fa000-7fc03e9f9000 ---p 0013d000 fd:00 67349942                   /usr/lib64/libX11.so.6.3.0
7fc03e9f9000-7fc03e9fc000 r--p 0013c000 fd:00 67349942                   /usr/lib64/libX11.so.6.3.0
7fc03e9fc000-7fc03ea00000 rw-p 0013f000 fd:00 67349942                   /usr/lib64/libX11.so.6.3.0
7fc03ea00000-7fc03ea11000 r-xp 00000000 fd:00 67349944                   /usr/lib64/libXext.so.6.4.0
7fc03ea11000-7fc03ec11000 ---p 00011000 fd:00 67349944                   /usr/lib64/libXext.so.6.4.0
7fc03ec11000-7fc03ec12000 r--p 00011000 fd:00 67349944                   /usr/lib64/libXext.so.6.4.0
7fc03ec12000-7fc03ec13000 rw-p 00012000 fd:00 67349944                   /usr/lib64/libXext.so.6.4.0
7fc03ec13000-7fc03ec14000 r--s 00009000 fd:02 549720946                  /home/install/INCISIVE152/tools.lnx86/jre1.8.0-64b/lib/ext/sunec.jar
7fc03ec14000-7fc03ec15000 rw-s 00000000 fd:00 68842755                   /tmp/ffigkz8HZ (deleted)
7fc03ec15000-7fc03ec16000 r-xs 00000000 fd:00 68842755                   /tmp/ffigkz8HZ (deleted)
7fc03ec16000-7fc03ec29000 r--s 00344000 fd:02 172665225                  /home/install/INCISIVE152/tools.lnx86/jre1.8.0-64b/lib/resources.jar
7fc03ec29000-7fc03ec7d000 r-xp 00000000 fd:02 1622606962                 /home/install/INCISIVE152/tools.lnx86/jre1.8.0-64b/lib/amd64/libawt_xawt.so
7fc03ec7d000-7fc03ee7d000 ---p 00054000 fd:02 1622606962                 /home/install/INCISIVE152/tools.lnx86/jre1.8.0-64b/lib/amd64/libawt_xawt.so
7fc03ee7d000-7fc03ee81000 rw-p 00054000 fd:02 1622606962                 /home/install/INCISIVE152/tools.lnx86/jre1.8.0-64b/lib/amd64/libawt_xawt.so
7fc03ee81000-7fc03ee82000 rw-p 00000000 00:00 0 
7fc03ee82000-7fc03ef24000 r-xp 00000000 fd:02 1622606959                 /home/install/INCISIVE152/tools.lnx86/jre1.8.0-64b/lib/amd64/libawt.so
7fc03ef24000-7fc03f124000 ---p 000a2000 fd:02 1622606959                 /home/install/INCISIVE152/tools.lnx86/jre1.8.0-64b/lib/amd64/libawt.so
7fc03f124000-7fc03f130000 rw-p 000a2000 fd:02 1622606959                 /home/install/INCISIVE152/tools.lnx86/jre1.8.0-64b/lib/amd64/libawt.so
7fc03f130000-7fc03f354000 rw-p 00000000 00:00 0 
7fc03f354000-7fc03f554000 rw-p 00000000 00:00 0 
7fc03f554000-7fc03f557000 ---p 00000000 00:00 0 
7fc03f557000-7fc03fa42000 rw-p 00000000 00:00 0 
7fc03fa42000-7fc03fa4d000 r--s 00116000 fd:02 549720944                  /home/install/INCISIVE152/tools.lnx86/jre1.8.0-64b/lib/ext/localedata.jar
7fc03fa4d000-7fc03fa69000 r--s 00393000 fd:02 549720938                  /home/install/INCISIVE152/tools.lnx86/jre1.8.0-64b/lib/ext/cldrdata.jar
7fc03fa69000-7fc03fa70000 r--s 0004e000 fd:02 171026087                  /home/install/INCISIVE152/tools.lnx86/vmgr/java/antlr4-runtime-4.3.jar
7fc03fa70000-7fc03fa72000 r--s 00000000 fd:02 171026082                  /home/install/INCISIVE152/tools.lnx86/vmgr/java/aopalliance-1.0.jar
7fc03fa72000-7fc03fa78000 r--s 0004f000 fd:02 171026065                  /home/install/INCISIVE152/tools.lnx86/vmgr/java/apache-log4j-extras-1.1.jar
7fc03fa78000-7fc03fa79000 r--s 0000a000 fd:02 171026058                  /home/install/INCISIVE152/tools.lnx86/vmgr/java/asm-3.1.jar
7fc03fa79000-7fc03fa90000 r--s 00195000 fd:02 171026080                  /home/install/INCISIVE152/tools.lnx86/vmgr/java/aspectjweaver-1.6.12.jar
7fc03fa90000-7fc03fa93000 r--s 0000b000 fd:02 170949280                  /home/install/INCISIVE152/tools.lnx86/vmgr/java/backend-api.jar
7fc03fa93000-7fc03fab4000 r--s 00211000 fd:02 170949278                  /home/install/INCISIVE152/tools.lnx86/vmgr/java/backend.jar
7fc03fab4000-7fc03fac5000 r--s 000a7000 fd:02 171027207                  /home/install/INCISIVE152/tools.lnx86/vmgr/java/bean-validator-2.3.0-b05.jar
7fc03fac5000-7fc03fac7000 r--s 0003a000 fd:02 170949276                  /home/install/INCISIVE152/tools.lnx86/vmgr/java/bootstrap.jar
7fc03fac7000-7fc03facc000 r--s 00037000 fd:02 171026100                  /home/install/INCISIVE152/tools.lnx86/vmgr/java/bsh-1.3.0.jar
7fc03facc000-7fc03fad4000 r--s 00070000 fd:02 171027204                  /home/install/INCISIVE152/tools.lnx86/vmgr/java/c3p0-0.9.5.jar
7fc03fad4000-7fc03fad6000 r--s 0000c000 fd:02 170949293                  /home/install/INCISIVE152/tools.lnx86/vmgr/java/central-utils.jar
7fc03fad6000-7fc03fadd000 r--s 0003e000 fd:02 171026057                  /home/install/INCISIVE152/tools.lnx86/vmgr/java/cglib-2.2.jar
7fc03fadd000-7fc03fae0000 r--s 00494000 fd:02 170949294                  /home/install/INCISIVE152/tools.lnx86/vmgr/java/cid.jar
7fc03fae0000-7fc03fae1000 r--s 00000000 fd:02 170949282                  /home/install/INCISIVE152/tools.lnx86/vmgr/java/cli-api.jar
7fc03fae1000-7fc03fae2000 r--s 00002000 fd:02 170949284                  /home/install/INCISIVE152/tools.lnx86/vmgr/java/cli-app.jar
7fc03fae2000-7fc03fae8000 r--s 0005c000 fd:02 170949283                  /home/install/INCISIVE152/tools.lnx86/vmgr/java/cli-engine.jar
7fc03fae8000-7fc03fb0f000 r--s 001e7000 fd:02 170949281                  /home/install/INCISIVE152/tools.lnx86/vmgr/java/common.jar
7fc03fb0f000-7fc03fb16000 r--s 00058000 fd:02 171027220                  /home/install/INCISIVE152/tools.lnx86/vmgr/java/common-lang3-3.2.1.jar
7fc03fb16000-7fc03fb1b000 r--s 00034000 fd:02 170949297                  /home/install/INCISIVE152/tools.lnx86/vmgr/java/commons-beanutils.jar
7fc03fb1b000-7fc03fb1d000 r--s 00006000 fd:02 170949300                  /home/install/INCISIVE152/tools.lnx86/vmgr/java/commons-cli.jar
7fc03fb1d000-7fc03fb23000 r--s 00033000 fd:02 170949298                  /home/install/INCISIVE152/tools.lnx86/vmgr/java/commons-codec.jar
7fc03fb23000-7fc03fb31000 r--s 0007f000 fd:02 170949301                  /home/install/INCISIVE152/tools.lnx86/vmgr/java/commons-collections.jar
7fc03fb31000-7fc03fb36000 r--s 00036000 fd:02 170949305                  /home/install/INCISIVE152/tools.lnx86/vmgr/java/commons-compress.jar
7fc03fb36000-7fc03fb39000 r--s 00024000 fd:02 170949302                  /home/install/INCISIVE152/tools.lnx86/vmgr/java/commons-io.jar
7fc03fb39000-7fc03fb3f000 r--s 00044000 fd:02 171027228                  /home/install/INCISIVE152/tools.lnx86/vmgr/java/commons-jxpath.jar
7fc03fb3f000-7fc03fb43000 r--s 0003c000 fd:02 170949303                  /home/install/INCISIVE152/tools.lnx86/vmgr/java/commons-lang.jar
7fc03fb43000-7fc03fb45000 r--s 0000d000 fd:02 170949306                  /home/install/INCISIVE152/tools.lnx86/vmgr/java/commons-logging.jar
7fc03fb45000-7fc03fb49000 r--s 00028000 fd:02 170949304                  /home/install/INCISIVE152/tools.lnx86/vmgr/java/commons-validator-1.4.0.jar
7fc03fb49000-7fc03fb4d000 r--s 00019000 fd:02 171026088                  /home/install/INCISIVE152/tools.lnx86/vmgr/java/concurrentlinkedhashmap-lru-1.4.jar
7fc03fb4d000-7fc03fb4f000 r--s 00010000 fd:02 171026050                  /home/install/INCISIVE152/tools.lnx86/vmgr/java/datasource-proxy-1.0.jar
7fc03fb4f000-7fc03fb79000 r--s 002cc000 fd:02 171026062                  /home/install/INCISIVE152/tools.lnx86/vmgr/java/derby.jar
7fc03fb79000-7fc03fb7e000 r--s 00048000 fd:02 171026059                  /home/install/INCISIVE152/tools.lnx86/vmgr/java/dom4j-1.6.1.jar
7fc03fb7e000-7fc03fb80000 r--s 0000e000 fd:02 170949290                  /home/install/INCISIVE152/tools.lnx86/vmgr/java/drm-control.jar
7fc03fb80000-7fc03fbb7000 r--s 0036e000 fd:02 170949287                  /home/install/INCISIVE152/tools.lnx86/vmgr/java/enterprise_planner.jar
7fc03fbb7000-7fc03fbba000 r--s 00017000 fd:02 170949270                  /home/install/INCISIVE152/tools.lnx86/vmgr/java/framework-bl.jar
7fc03fbba000-7fc03fbc7000 r--s 00070000 fd:02 170949272                  /home/install/INCISIVE152/tools.lnx86/vmgr/java/framework-common.jar
7fc03fbc7000-7fc03fc20000 r--s 011dc000 fd:02 170949271                  /home/install/INCISIVE152/tools.lnx86/vmgr/java/framework-gui.jar
7fc03fc20000-7fc03fc30000 r--s 000d2000 fd:02 171026092                  /home/install/INCISIVE152/tools.lnx86/vmgr/java/freemarker-2.3.18.jar
7fc03fc30000-7fc03fc45000 r--s 00206000 fd:02 170949277                  /home/install/INCISIVE152/tools.lnx86/vmgr/java/frontend.jar
7fc03fc45000-7fc03fcb5000 r--s 00643000 fd:02 171026078                  /home/install/INCISIVE152/tools.lnx86/vmgr/java/groovy-all.jar
7fc03fcb5000-7fc03fcba000 r--s 00038000 fd:02 170949296                  /home/install/INCISIVE152/tools.lnx86/vmgr/java/gtx-swing-plugin-15.2-SNAPSHOT.jar
7fc03fcba000-7fc03fce5000 r--s 001f5000 fd:02 171026089                  /home/install/INCISIVE152/tools.lnx86/vmgr/java/guava-16.0.1.jar
7fc03fce5000-7fc03fcf2000 r--s 00090000 fd:02 171026101                  /home/install/INCISIVE152/tools.lnx86/vmgr/java/guice-4.0-beta5.jar
7fc03fcf2000-7fc03fd3d000 r--s 00644000 fd:02 170949285                  /home/install/INCISIVE152/tools.lnx86/vmgr/java/gui.jar
7fc03fd3d000-7fc03fd45000 r--s 00059000 fd:02 171026081                  /home/install/INCISIVE152/tools.lnx86/vmgr/java/hessian-4.0.38.jar
7fc03fd45000-7fc03fd48000 r--s 0000f000 fd:02 171026051                  /home/install/INCISIVE152/tools.lnx86/vmgr/java/hibernate-commons-annotations-3.2.0.Final.jar
7fc03fd48000-7fc03fd7a000 r--s 002c7000 fd:02 171026048                  /home/install/INCISIVE152/tools.lnx86/vmgr/java/hibernate-core-3.6.5.Final.jar
7fc03fd7a000-7fc03fd83000 r--s 0005e000 fd:02 171026049                  /home/install/INCISIVE152/tools.lnx86/vmgr/java/hibernate-entitymanager-3.6.5.Final.jar
7fc03fd83000-7fc03fd88000 r--s 00014000 fd:02 171026052                  /home/install/INCISIVE152/tools.lnx86/vmgr/java/hibernate-jpa-2.0-api-1.0.0.Final.jar
7fc03fd88000-7fc03fd8c000 r--s 00023000 fd:02 171027201                  /home/install/INCISIVE152/tools.lnx86/vmgr/java/hk2-api-2.3.0-b05.jar
7fc03fd8c000-7fc03fd8f000 r--s 00025000 fd:02 171027203                  /home/install/INCISIVE152/tools.lnx86/vmgr/java/hk2-locator-2.3.0-b05.jar
7fc03fd8f000-7fc03fd92000 r--s 00012000 fd:02 171027202                  /home/install/INCISIVE152/tools.lnx86/vmgr/java/hk2-utils-2.3.0-b05.jar
7fc03fd92000-7fc03fd9f000 r--s 000a4000 fd:02 170949307                  /home/install/INCISIVE152/tools.lnx86/vmgr/java/httpclient-4.4.1.jar
7fc03fd9f000-7fc03fda6000 r--s 00048000 fd:02 170949308                  /home/install/INCISIVE152/tools.lnx86/vmgr/java/httpcore-4.4.1.jar
7fc03fda6000-7fc03fda9000 r--s 00026000 fd:02 170949289                  /home/install/INCISIVE152/tools.lnx86/vmgr/java/ibmschema-parser.jar
7fc03fda9000-7fc03fdac000 r--s 0002d000 fd:02 170949288                  /home/install/INCISIVE152/tools.lnx86/vmgr/java/ibmtrace-parser.jar
7fc03fdac000-7fc03fdb0000 r--s 00039000 fd:02 170949286                  /home/install/INCISIVE152/tools.lnx86/vmgr/java/imc.jar
7fc03fdb0000-7fc03fdb1000 r--s 00000000 fd:02 170949279                  /home/install/INCISIVE152/tools.lnx86/vmgr/java/impl-util.jar
7fc03fdb1000-7fc03fdb2000 r--s 00002000 fd:02 171026102                  /home/install/INCISIVE152/tools.lnx86/vmgr/java/indexed-file-reader-1.0.jar
7fc03fdb2000-7fc03fdb4000 r--s 00007000 fd:02 171027210                  /home/install/INCISIVE152/tools.lnx86/vmgr/java/jackson-annotations-2.3.2.jar
7fc03fdb4000-7fc03fdb7000 r--s 0002e000 fd:02 171027208                  /home/install/INCISIVE152/tools.lnx86/vmgr/java/jackson-core-2.3.2.jar
7fc03fdb7000-7fc03fdc8000 r--s 000cf000 fd:02 171027209                  /home/install/INCISIVE152/tools.lnx86/vmgr/java/jackson-databind-2.3.2.jar
7fc03fdc8000-7fc03fdc9000 r--s 00006000 fd:02 171027213                  /home/install/INCISIVE152/tools.lnx86/vmgr/java/jackson-jaxrs-base-2.3.2.jar
7fc03fdc9000-7fc03fdcb000 r--s 00003000 fd:02 171027214                  /home/install/INCISIVE152/tools.lnx86/vmgr/java/jackson-jaxrs-json-provider-2.3.2.jar
7fc03fdcb000-7fc03fdcc000 r--s 00007000 fd:02 171027212                  /home/install/INCISIVE152/tools.lnx86/vmgr/java/jackson-module-jaxb-annotations-2.3.2.jar
7fc03fdcc000-7fc03fdce000 r--s 0000c000 fd:02 171027211                  /home/install/INCISIVE152/tools.lnx86/vmgr/java/jackson-module-jsonSchema-2.3.2.jar
7fc03fdce000-7fc03fdd0000 r--s 00004000 fd:02 170949309                  /home/install/INCISIVE152/tools.lnx86/vmgr/java/jamon-runtime-2.3.0.jar
7fc03fdd0000-7fc03fdd2000 r--s 0000d000 fd:02 171027226                  /home/install/INCISIVE152/tools.lnx86/vmgr/java/java-rdfa.jar
7fc03fdd2000-7fc03fddc000 r--s 000ae000 fd:02 171026055                  /home/install/INCISIVE152/tools.lnx86/vmgr/java/javassist-3.20.0-GA.jar
7fc03fddc000-7fc03fdde000 r--s 00005000 fd:02 171027215                  /home/install/INCISIVE152/tools.lnx86/vmgr/java/javax.annotation-api-1.2.jar
7fc03fdde000-7fc03fddf000 r--s 00001000 fd:02 171027206                  /home/install/INCISIVE152/tools.lnx86/vmgr/java/javax.inject-2.3.0-b05.jar
7fc03fddf000-7fc03fde2000 r--s 00015000 fd:02 171027217                  /home/install/INCISIVE152/tools.lnx86/vmgr/java/javax.servlet-api-3.1.0.jar
7fc03fde2000-7fc03fde6000 r--s 00018000 fd:02 171027200                  /home/install/INCISIVE152/tools.lnx86/vmgr/java/javax.ws.rs-api-2.0.jar
7fc03fde6000-7fc03fde8000 r--s 00009000 fd:02 171026091                  /home/install/INCISIVE152/tools.lnx86/vmgr/java/jaxb2-basics-runtime-0.6.0.jar
7fc03fde8000-7fc03fdfa000 r--s 000b9000 fd:02 171026090                  /home/install/INCISIVE152/tools.lnx86/vmgr/java/jaxb-impl-2.1.2.jar
7fc03fdfa000-7fc03fdfd000 r--s 0001c000 fd:02 171026095                  /home/install/INCISIVE152/tools.lnx86/vmgr/java/jcalendar-1.3.2.jar
7fc03fdfd000-7fc03fdfe000 r--s 00007000 fd:02 171026079                  /home/install/INCISIVE152/tools.lnx86/vmgr/java/jcommando-2.1-cadence.jar
7fc03fdfe000-7fc03fe04000 r--s 00046000 fd:02 171026093                  /home/install/INCISIVE152/tools.lnx86/vmgr/java/jcommon-1.0.6.jar
7fc03fe04000-7fc03fe2f000 r--s 00213000 fd:02 171027224                  /home/install/INCISIVE152/tools.lnx86/vmgr/java/jena-arg.jar
7fc03fe2f000-7fc03fe50000 r--s 00183000 fd:02 171027225                  /home/install/INCISIVE152/tools.lnx86/vmgr/java/jena-core.jar
7fc03fe50000-7fc03fe53000 r--s 0001f000 fd:02 171027227                  /home/install/INCISIVE152/tools.lnx86/vmgr/java/jena-iri.jar
7fc03fe53000-7fc03fe55000 r--s 00008000 fd:02 171026110                  /home/install/INCISIVE152/tools.lnx86/vmgr/java/jersey-bean-validation-2.9.jar
7fc03fe55000-7fc03fe59000 r--s 00022000 fd:02 171026107                  /home/install/INCISIVE152/tools.lnx86/vmgr/java/jersey-client-2.9.jar
7fc03fe59000-7fc03fe68000 r--s 000a2000 fd:02 171026105                  /home/install/INCISIVE152/tools.lnx86/vmgr/java/jersey-common-2.9.jar
7fc03fe68000-7fc03fe69000 r--s 00004000 fd:02 171026103                  /home/install/INCISIVE152/tools.lnx86/vmgr/java/jersey-container-jdk-http-2.9.jar
7fc03fe69000-7fc03fe6b000 r--s 0000c000 fd:02 171026104                  /home/install/INCISIVE152/tools.lnx86/vmgr/java/jersey-container-servlet-core-2.9.jar
7fc03fe6b000-7fc03fe83000 r--s 000d4000 fd:02 171026108                  /home/install/INCISIVE152/tools.lnx86/vmgr/java/jersey-guava-2.9.jar
7fc03fe83000-7fc03fe84000 r--s 00001000 fd:02 171026109                  /home/install/INCISIVE152/tools.lnx86/vmgr/java/jersey-media-json-jackson-2.9.jar
7fc03fe84000-7fc03fe99000 r--s 000cb000 fd:02 171026106                  /home/install/INCISIVE152/tools.lnx86/vmgr/java/jersey-server-2.9.jar
7fc03fe99000-7fc03feaa000 r--s 0014c000 fd:02 171026094                  /home/install/INCISIVE152/tools.lnx86/vmgr/java/jfreechart-1.0.13.jar
7fc03feaa000-7fc03ff43000 r--s 00709000 fd:02 171026063                  /home/install/INCISIVE152/tools.lnx86/vmgr/java/jide-3.5.1.jar
7fc03ff43000-7fc03ff47000 r--s 00031000 fd:02 170949299                  /home/install/INCISIVE152/tools.lnx86/vmgr/java/jline.jar
7fc03ff47000-7fc03ff4b000 r--s 0014b000 fd:02 171026061                  /home/install/INCISIVE152/tools.lnx86/vmgr/java/jna-3.4.0-aix.jar
7fc03ff4b000-7fc03ff68000 r--s 002c9000 fd:02 170949295                  /home/install/INCISIVE152/tools.lnx86/vmgr/java/jpedal.jar
7fc03ff68000-7fc03ff91000 r--s 00511000 fd:02 171026096                  /home/install/INCISIVE152/tools.lnx86/vmgr/java/jtcl-2.6.0.jar
7fc03ff91000-7fc03ffa2000 r--s 000d2000 fd:02 171026098                  /home/install/INCISIVE152/tools.lnx86/vmgr/java/liquibase.jar
7fc03ffa2000-7fc03ffb8000 r--s 000e5000 fd:02 171027219                  /home/install/INCISIVE152/tools.lnx86/vmgr/java/LmApi-12.04-p013.jar
7fc03ffb8000-7fc040000000 r--s 00301000 fd:02 171027221                  /home/install/INCISIVE152/tools.lnx86/vmgr/java/odfdom-java.jar
7fc040000000-7fc040021000 rw-p 00000000 00:00 0 
7fc040021000-7fc044000000 ---p 00000000 00:00 0 
7fc044000000-7fc048000000 rw-p 00000000 00:00 0 
7fc048000000-7fc048021000 rw-p 00000000 00:00 0 
7fc048021000-7fc04c000000 ---p 00000000 00:00 0 
7fc04c000000-7fc04c002000 r--s 00004000 fd:02 171026111                  /home/install/INCISIVE152/tools.lnx86/vmgr/java/jersey-spring3-2.9.jar
7fc04c002000-7fc04c005000 r--s 0001d000 fd:02 170949291                  /home/install/INCISIVE152/tools.lnx86/vmgr/java/jobs-manager.jar
7fc04c005000-7fc04c007000 r--s 00001000 fd:02 170949292                  /home/install/INCISIVE152/tools.lnx86/vmgr/java/jobs-manager-launcher.jar
7fc04c007000-7fc04c00c000 r--s 00094000 fd:02 172613829                  /home/install/INCISIVE152/tools.lnx86/jre1.8.0-64b/lib/jsse.jar
7fc04c00c000-7fc04c015000 r--s 0006d000 fd:02 171026064                  /home/install/INCISIVE152/tools.lnx86/vmgr/java/log4j.jar
7fc04c015000-7fc04c01d000 r--s 00075000 fd:02 171026097                  /home/install/INCISIVE152/tools.lnx86/vmgr/java/mail-1.4.5.jar
7fc04c01d000-7fc04c02d000 r--s 00084000 fd:02 171027218                  /home/install/INCISIVE152/tools.lnx86/vmgr/java/mchange-commons-java-0.2.9.jar
7fc04c02d000-7fc04c035000 r--s 00057000 fd:02 170949274                  /home/install/INCISIVE152/tools.lnx86/vmgr/java/metrics-impl.jar
7fc04c035000-7fc04c036000 ---p 00000000 00:00 0 
7fc04c036000-7fc04c136000 rw-p 00000000 00:00 0 
7fc04c136000-7fc04c139000 ---p 00000000 00:00 0 
7fc04c139000-7fc04c624000 rw-p 00000000 00:00 0 
7fc04c624000-7fc04c627000 ---p 00000000 00:00 0 
7fc04c627000-7fc04cb12000 rw-p 00000000 00:00 0 
7fc04cb12000-7fc04cb15000 ---p 00000000 00:00 0 
7fc04cb15000-7fc04d000000 rw-p 00000000 00:00 0 
7fc04d000000-7fc04e980000 rwxp 00000000 00:00 0 
7fc04e980000-7fc05c000000 ---p 00000000 00:00 0 
7fc05c000000-7fc05d754000 rw-p 00000000 00:00 0 
7fc05d754000-7fc060000000 ---p 00000000 00:00 0 
7fc060000000-7fc060001000 r--s 00003000 fd:02 171026060                  /home/install/INCISIVE152/tools.lnx86/vmgr/java/jta-1.1.jar
7fc060001000-7fc060003000 r--s 00000000 fd:02 171026077                  /home/install/INCISIVE152/tools.lnx86/vmgr/java/key-tool-j8-2.0.0.jar
7fc060003000-7fc060004000 r--s 00003000 fd:02 170949273                  /home/install/INCISIVE152/tools.lnx86/vmgr/java/metrics-api.jar
7fc060004000-7fc06000b000 r--s 00089000 fd:02 171026099                  /home/install/INCISIVE152/tools.lnx86/vmgr/java/postgresql.jar
7fc06000b000-7fc060018000 r--s 00081000 fd:02 171026066                  /home/install/INCISIVE152/tools.lnx86/vmgr/java/prefuse-beta-20071021.jar
7fc060018000-7fc060019000 r--s 00003000 fd:02 171027223                  /home/install/INCISIVE152/tools.lnx86/vmgr/java/rdf.rdfa.jar
7fc060019000-7fc06001b000 r--s 0000c000 fd:02 170949275                  /home/install/INCISIVE152/tools.lnx86/vmgr/java/runner-impl.jar
7fc06001b000-7fc060024000 r--s 00089000 fd:02 171027222                  /home/install/INCISIVE152/tools.lnx86/vmgr/java/simple-odf.jar
7fc060024000-7fc060026000 r--s 00005000 fd:02 171026054                  /home/install/INCISIVE152/tools.lnx86/vmgr/java/slf4j-api.jar
7fc060026000-7fc060028000 r--s 00001000 fd:02 170949311                  /home/install/INCISIVE152/tools.lnx86/vmgr/java/spiffy-0.05.jar
7fc060028000-7fc060031000 r--s 00051000 fd:02 171026067                  /home/install/INCISIVE152/tools.lnx86/vmgr/java/spring-aop-4.2.2.RELEASE.jar
7fc060031000-7fc06003f000 r--s 000a5000 fd:02 171026068                  /home/install/INCISIVE152/tools.lnx86/vmgr/java/spring-beans-4.2.2.RELEASE.jar
7fc06003f000-7fc060041000 r--s 00002000 fd:02 171027205                  /home/install/INCISIVE152/tools.lnx86/vmgr/java/spring-bridge-2.3.0-b05.jar
7fc060041000-7fc06005a000 r--s 000f1000 fd:02 171026069                  /home/install/INCISIVE152/tools.lnx86/vmgr/java/spring-context-4.2.2.RELEASE.jar
7fc06005a000-7fc06005f000 r--s 00027000 fd:02 171026070                  /home/install/INCISIVE152/tools.lnx86/vmgr/java/spring-context-support-4.2.2.RELEASE.jar
7fc06005f000-7fc060074000 r--s 000f0000 fd:02 171026073                  /home/install/INCISIVE152/tools.lnx86/vmgr/java/spring-core-4.2.2.RELEASE.jar
7fc060074000-7fc060079000 r--s 0003c000 fd:02 171026071                  /home/install/INCISIVE152/tools.lnx86/vmgr/java/spring-expression-4.2.2.RELEASE.jar
7fc060079000-7fc060083000 r--s 0005e000 fd:02 171026072                  /home/install/INCISIVE152/tools.lnx86/vmgr/java/spring-jdbc-4.2.2.RELEASE.jar
7fc060083000-7fc06008d000 r--s 00068000 fd:02 171026075                  /home/install/INCISIVE152/tools.lnx86/vmgr/java/spring-orm-4.2.2.RELEASE.jar
7fc06008d000-7fc06009e000 r--s 000ab000 fd:02 171026076                  /home/install/INCISIVE152/tools.lnx86/vmgr/java/spring-web-4.2.2.RELEASE.jar
7fc06009e000-7fc0600ad000 r--s 00184000 fd:02 171026056                  /home/install/INCISIVE152/tools.lnx86/vmgr/java/unboundid-ldapsdk-2.3.8.jar
7fc0600ad000-7fc0600c5000 r--s 00115000 fd:02 171026083                  /home/install/INCISIVE152/tools.lnx86/vmgr/java/xerces-impl.jar
7fc0600c5000-7fc0600c6000 ---p 00000000 00:00 0 
7fc0600c6000-7fc0600c9000 ---p 00000000 00:00 0 
7fc0600c9000-7fc0601c6000 rw-p 00000000 00:00 0 
7fc0601c6000-7fc0601c7000 ---p 00000000 00:00 0 
7fc0601c7000-7fc0601ca000 ---p 00000000 00:00 0 
7fc0601ca000-7fc0602c7000 rw-p 00000000 00:00 0 
7fc0602c7000-7fc0602c8000 ---p 00000000 00:00 0 
7fc0602c8000-7fc0602cb000 ---p 00000000 00:00 0 
7fc0602cb000-7fc0603c8000 rw-p 00000000 00:00 0 
7fc0603c8000-7fc0603cb000 ---p 00000000 00:00 0 
7fc0603cb000-7fc0608b6000 rw-p 00000000 00:00 0 
7fc0608b6000-7fc0608b7000 ---p 00000000 00:00 0 
7fc0608b7000-7fc061999000 rw-p 00000000 00:00 0 
7fc061999000-7fc061b71000 r--s 03d09000 fd:02 172665247                  /home/install/INCISIVE152/tools.lnx86/jre1.8.0-64b/lib/rt.jar
7fc061b71000-7fc0627e7000 rw-p 00000000 00:00 0 
7fc0627e7000-7fc0627e8000 ---p 00000000 00:00 0 
7fc0627e8000-7fc0628e8000 rw-p 00000000 00:00 0 
7fc0628e8000-7fc0628e9000 ---p 00000000 00:00 0 
7fc0628e9000-7fc0629e9000 rw-p 00000000 00:00 0 
7fc0629e9000-7fc0629ea000 ---p 00000000 00:00 0 
7fc0629ea000-7fc062b76000 rw-p 00000000 00:00 0 
7fc062b76000-7fc062d95000 ---p 00000000 00:00 0 
7fc062d95000-7fc062e21000 rw-p 00000000 00:00 0 
7fc062e21000-7fc06303f000 ---p 00000000 00:00 0 
7fc06303f000-7fc063112000 rw-p 00000000 00:00 0 
7fc063112000-7fc063195000 ---p 00000000 00:00 0 
7fc063195000-7fc0631fc000 rw-p 00000000 00:00 0 
7fc0631fc000-7fc063556000 ---p 00000000 00:00 0 
7fc063556000-7fc063570000 r-xp 00000000 fd:02 1622614468                 /home/install/INCISIVE152/tools.lnx86/jre1.8.0-64b/lib/amd64/libzip.so
7fc063570000-7fc063770000 ---p 0001a000 fd:02 1622614468                 /home/install/INCISIVE152/tools.lnx86/jre1.8.0-64b/lib/amd64/libzip.so
7fc063770000-7fc063771000 rw-p 0001a000 fd:02 1622614468                 /home/install/INCISIVE152/tools.lnx86/jre1.8.0-64b/lib/amd64/libzip.so
7fc063771000-7fc06377c000 r-xp 00000000 fd:00 67123438                   /usr/lib64/libnss_files-2.28.so
7fc06377c000-7fc06397c000 ---p 0000b000 fd:00 67123438                   /usr/lib64/libnss_files-2.28.so
7fc06397c000-7fc06397d000 r--p 0000b000 fd:00 67123438                   /usr/lib64/libnss_files-2.28.so
7fc06397d000-7fc06397e000 rw-p 0000c000 fd:00 67123438                   /usr/lib64/libnss_files-2.28.so
7fc06397e000-7fc063984000 rw-p 00000000 00:00 0 
7fc063984000-7fc0639ae000 r-xp 00000000 fd:02 1622606964                 /home/install/INCISIVE152/tools.lnx86/jre1.8.0-64b/lib/amd64/libjava.so
7fc0639ae000-7fc063bae000 ---p 0002a000 fd:02 1622606964                 /home/install/INCISIVE152/tools.lnx86/jre1.8.0-64b/lib/amd64/libjava.so
7fc063bae000-7fc063bb0000 rw-p 0002a000 fd:02 1622606964                 /home/install/INCISIVE152/tools.lnx86/jre1.8.0-64b/lib/amd64/libjava.so
7fc063bb0000-7fc063bbd000 r-xp 00000000 fd:02 1622606961                 /home/install/INCISIVE152/tools.lnx86/jre1.8.0-64b/lib/amd64/libverify.so
7fc063bbd000-7fc063dbd000 ---p 0000d000 fd:02 1622606961                 /home/install/INCISIVE152/tools.lnx86/jre1.8.0-64b/lib/amd64/libverify.so
7fc063dbd000-7fc063dbf000 rw-p 0000d000 fd:02 1622606961                 /home/install/INCISIVE152/tools.lnx86/jre1.8.0-64b/lib/amd64/libverify.so
7fc063dbf000-7fc063dc6000 r-xp 00000000 fd:00 67123444                   /usr/lib64/librt-2.28.so
7fc063dc6000-7fc063fc5000 ---p 00007000 fd:00 67123444                   /usr/lib64/librt-2.28.so
7fc063fc5000-7fc063fc6000 r--p 00006000 fd:00 67123444                   /usr/lib64/librt-2.28.so
7fc063fc6000-7fc063fc7000 rw-p 00007000 fd:00 67123444                   /usr/lib64/librt-2.28.so
7fc063fc7000-7fc063fc8000 ---p 00000000 00:00 0 
7fc063fc8000-7fc063fcb000 ---p 00000000 00:00 0 
7fc063fcb000-7fc0644b6000 rw-p 00000000 00:00 0 
7fc0644b6000-7fc064637000 r-xp 00000000 fd:00 67123430                   /usr/lib64/libm-2.28.so
7fc064637000-7fc064836000 ---p 00181000 fd:00 67123430                   /usr/lib64/libm-2.28.so
7fc064836000-7fc064837000 r--p 00180000 fd:00 67123430                   /usr/lib64/libm-2.28.so
7fc064837000-7fc064838000 rw-p 00181000 fd:00 67123430                   /usr/lib64/libm-2.28.so
7fc064838000-7fc0654e6000 r-xp 00000000 fd:02 172614001                  /home/install/INCISIVE152/tools.lnx86/jre1.8.0-64b/lib/amd64/server/libjvm.so
7fc0654e6000-7fc0656e5000 ---p 00cae000 fd:02 172614001                  /home/install/INCISIVE152/tools.lnx86/jre1.8.0-64b/lib/amd64/server/libjvm.so
7fc0656e5000-7fc0657bc000 rw-p 00cad000 fd:02 172614001                  /home/install/INCISIVE152/tools.lnx86/jre1.8.0-64b/lib/amd64/server/libjvm.so
7fc0657bc000-7fc065800000 rw-p 00000000 00:00 0 
7fc065800000-7fc0659bc000 r-xp 00000000 fd:00 67123426                   /usr/lib64/libc-2.28.so
7fc0659bc000-7fc065bbc000 ---p 001bc000 fd:00 67123426                   /usr/lib64/libc-2.28.so
7fc065bbc000-7fc065bc0000 r--p 001bc000 fd:00 67123426                   /usr/lib64/libc-2.28.so
7fc065bc0000-7fc065bc2000 rw-p 001c0000 fd:00 67123426                   /usr/lib64/libc-2.28.so
7fc065bc2000-7fc065bc6000 rw-p 00000000 00:00 0 
7fc065bc6000-7fc065bc9000 r-xp 00000000 fd:00 67123428                   /usr/lib64/libdl-2.28.so
7fc065bc9000-7fc065dc8000 ---p 00003000 fd:00 67123428                   /usr/lib64/libdl-2.28.so
7fc065dc8000-7fc065dc9000 r--p 00002000 fd:00 67123428                   /usr/lib64/libdl-2.28.so
7fc065dc9000-7fc065dca000 rw-p 00003000 fd:00 67123428                   /usr/lib64/libdl-2.28.so
7fc065dca000-7fc065ddf000 r-xp 00000000 fd:02 549720949                  /home/install/INCISIVE152/tools.lnx86/jre1.8.0-64b/lib/amd64/jli/libjli.so
7fc065ddf000-7fc065fdf000 ---p 00015000 fd:02 549720949                  /home/install/INCISIVE152/tools.lnx86/jre1.8.0-64b/lib/amd64/jli/libjli.so
7fc065fdf000-7fc065fe0000 rw-p 00015000 fd:02 549720949                  /home/install/INCISIVE152/tools.lnx86/jre1.8.0-64b/lib/amd64/jli/libjli.so
7fc065fe0000-7fc065ffb000 r-xp 00000000 fd:00 67123440                   /usr/lib64/libpthread-2.28.so
7fc065ffb000-7fc0661fa000 ---p 0001b000 fd:00 67123440                   /usr/lib64/libpthread-2.28.so
7fc0661fa000-7fc0661fb000 r--p 0001a000 fd:00 67123440                   /usr/lib64/libpthread-2.28.so
7fc0661fb000-7fc0661fc000 rw-p 0001b000 fd:00 67123440                   /usr/lib64/libpthread-2.28.so
7fc0661fc000-7fc066200000 rw-p 00000000 00:00 0 
7fc066200000-7fc06622d000 r-xp 00000000 fd:00 67123419                   /usr/lib64/ld-2.28.so
7fc06622d000-7fc06622e000 r--s 00002000 fd:02 171026053                  /home/install/INCISIVE152/tools.lnx86/vmgr/java/slf4j-log4j12.jar
7fc06622e000-7fc066235000 r--s 0003a000 fd:02 171026074                  /home/install/INCISIVE152/tools.lnx86/vmgr/java/spring-tx-4.2.2.RELEASE.jar
7fc066235000-7fc066237000 r--s 0000d000 fd:02 170949310                  /home/install/INCISIVE152/tools.lnx86/vmgr/java/supercsv-1.52.jar
7fc066237000-7fc06623b000 r--s 0000c000 fd:02 171027216                  /home/install/INCISIVE152/tools.lnx86/vmgr/java/validation-api-1.1.0.Final.jar
7fc06623b000-7fc066246000 r--s 0005f000 fd:02 171026086                  /home/install/INCISIVE152/tools.lnx86/vmgr/java/xstream-1.3.1.jar
7fc066246000-7fc066312000 rw-p 00000000 00:00 0 
7fc066312000-7fc066313000 ---p 00000000 00:00 0 
7fc066313000-7fc066415000 rw-p 00000000 00:00 0 
7fc066415000-7fc06641d000 r--s 00028000 fd:02 171026084                  /home/install/INCISIVE152/tools.lnx86/vmgr/java/xml-apis-1.3.04.jar
7fc06641d000-7fc06641f000 r--s 00005000 fd:02 171026085                  /home/install/INCISIVE152/tools.lnx86/vmgr/java/xpp3_min-1.1.4c.jar
7fc06641f000-7fc066421000 r--s 00008000 fd:02 1627615030                 /home/install/INCISIVE152/specman/japp/rmi/rmi-15.2-SNAPSHOT.jar
7fc066421000-7fc066429000 rw-s 00000000 fd:00 138779490                  /tmp/hsperfdata_kite/216154 (deleted)
7fc066429000-7fc06642a000 rw-p 00000000 00:00 0 
7fc06642a000-7fc06642b000 ---p 00000000 00:00 0 
7fc06642b000-7fc06642d000 rw-p 00000000 00:00 0 
7fc06642d000-7fc06642e000 r--p 0002d000 fd:00 67123419                   /usr/lib64/ld-2.28.so
7fc06642e000-7fc066430000 rw-p 0002e000 fd:00 67123419                   /usr/lib64/ld-2.28.so
7fff020f2000-7fff0211a000 rw-p 00000000 00:00 0                          [stack]
7fff0217d000-7fff02181000 r--p 00000000 00:00 0                          [vvar]
7fff02181000-7fff02183000 r-xp 00000000 00:00 0                          [vdso]
ffffffffff600000-ffffffffff601000 r-xp 00000000 00:00 0                  [vsyscall]

VM Arguments:
jvm_args: -Xms256m -XX:ThreadStackSize=5048 -Xss5048k -Xmx2048m -Djava.util.prefs.systemRoot=/home/kite -Dfile.encoding=UTF-8 -XX:CompileCommand=quiet -XX:CompileCommand=exclude,javax/swing/text/GlyphView,getBreakSpot 
java_command: com.cadence.mdv.imc.Main -environment /tmp/vmgr.216115 -metrics_only -load ./cov_work/scope/test
java_class_path (initial): /home/install/INCISIVE152/specman/japp/rmi/rmi-15.2-SNAPSHOT.jar:/home/install/INCISIVE152/tools.lnx86/vmgr/java/xstream-1.3.1.jar:/home/install/INCISIVE152/tools.lnx86/vmgr/java/xpp3_min-1.1.4c.jar:/home/install/INCISIVE152/tools.lnx86/vmgr/java/xml-apis-1.3.04.jar:/home/install/INCISIVE152/tools.lnx86/vmgr/java/xerces-impl.jar:/home/install/INCISIVE152/tools.lnx86/vmgr/java/validation-api-1.1.0.Final.jar:/home/install/INCISIVE152/tools.lnx86/vmgr/java/unboundid-ldapsdk-2.3.8.jar:/home/install/INCISIVE152/tools.lnx86/vmgr/java/supercsv-1.52.jar:/home/install/INCISIVE152/tools.lnx86/vmgr/java/spring-web-4.2.2.RELEASE.jar:/home/install/INCISIVE152/tools.lnx86/vmgr/java/spring-tx-4.2.2.RELEASE.jar:/home/install/INCISIVE152/tools.lnx86/vmgr/java/spring-orm-4.2.2.RELEASE.jar:/home/install/INCISIVE152/tools.lnx86/vmgr/java/spring-jdbc-4.2.2.RELEASE.jar:/home/install/INCISIVE152/tools.lnx86/vmgr/java/spring-expression-4.2.2.RELEASE.jar:/home/install/INCISIVE152/tools.lnx86/vmgr/java/spring-core-4.2.2.RELEASE.jar:/home/install/INCISIVE152/tools.lnx86/vmgr/java/spring-context-support-4.2.2.RELEASE.jar:/home/install/INCISIVE152/tools.lnx86/vmgr/java/spring-context-4.2.2.RELEASE.jar:/home/install/INCISIVE152/tools.lnx86/vmgr/java/spring-bridge-2.3.0-b05.jar:/home/install/INCISIVE152/tools.lnx86/vmgr/java/spring-beans-4.2.2.RELEASE.jar:/home/install/INCISIVE152/tools.lnx86/vmgr/java/spring-aop-4.2.2.RELEASE.jar:/home/install/INCISIVE152/tools.lnx86/vmgr/java/spiffy-0.05.jar:/home/install/INCISIVE152/tools.lnx86/vmgr/java/slf4j-log4j12.jar:/home/install/INCISIVE152/tools.lnx86/vmgr/java/slf4j-api.jar:/home/install/INCISIVE152/tools.lnx86/vmgr/java/simple-odf.jar:/home/install/INCISIVE152/tools.lnx86/vmgr/java/runner-impl.jar:/home/install/INCISIVE152/tools.lnx86/vmgr/java/rdf.rdfa.jar:/home/install/INCISIVE152/tools.lnx86/vmgr/java/prefuse-beta-20071021.jar:/home/install/INCISIVE152/tools.lnx86/vmgr/java/postgresql.jar:/home/install/INCISIVE152/tool
Launcher Type: SUN_STANDARD

Environment Variables:
USERNAME=kite
LD_LIBRARY_PATH=/home/install/INCISIVE152/tools.lnx86/lib/64bit:/home/install/INCISIVE152/tools.lnx86/vmgr/runner/lib/64bit:/home/install/INCISIVE152/tools.lnx86/vmgr/runner/lib/64bit/vm:/home/install/INCISIVE152/tools/lib/64bit:/home/install/INCISIVE152/tools/lib
SHELL=/bin/bash
DISPLAY=:0
HOSTTYPE=x86_64-linux
OSTYPE=linux
MACHTYPE=x86_64

Signal Handlers:
SIGSEGV: [libjvm.so+0xaad2e0], sa_mask[0]=11111111011111111101111111111110, sa_flags=SA_RESTART|SA_SIGINFO
SIGBUS: [libjvm.so+0xaad2e0], sa_mask[0]=11111111011111111101111111111110, sa_flags=SA_RESTART|SA_SIGINFO
SIGFPE: [libjvm.so+0x90b550], sa_mask[0]=11111111011111111101111111111110, sa_flags=SA_RESTART|SA_SIGINFO
SIGPIPE: [libjvm.so+0x90b550], sa_mask[0]=11111111011111111101111111111110, sa_flags=SA_RESTART|SA_SIGINFO
SIGXFSZ: [libjvm.so+0x90b550], sa_mask[0]=11111111011111111101111111111110, sa_flags=SA_RESTART|SA_SIGINFO
SIGILL: [libjvm.so+0x90b550], sa_mask[0]=11111111011111111101111111111110, sa_flags=SA_RESTART|SA_SIGINFO
SIGUSR1: SIG_DFL, sa_mask[0]=00000000000000000000000000000000, sa_flags=none
SIGUSR2: [libjvm.so+0x90cb90], sa_mask[0]=00000000000000000000000000000000, sa_flags=SA_RESTART|SA_SIGINFO
SIGHUP: [libjvm.so+0x90dee0], sa_mask[0]=11111111011111111101111111111110, sa_flags=SA_RESTART|SA_SIGINFO
SIGINT: [libjvm.so+0x90dee0], sa_mask[0]=11111111011111111101111111111110, sa_flags=SA_RESTART|SA_SIGINFO
SIGTERM: [libjvm.so+0x90dee0], sa_mask[0]=11111111011111111101111111111110, sa_flags=SA_RESTART|SA_SIGINFO
SIGQUIT: [libjvm.so+0x90dee0], sa_mask[0]=11111111011111111101111111111110, sa_flags=SA_RESTART|SA_SIGINFO


---------------  S Y S T E M  ---------------

OS:Red Hat Enterprise Linux release 8.7 (Ootpa)

uname:Linux 4.18.0-425.3.1.el8.x86_64 #1 SMP Fri Sep 30 11:45:06 EDT 2022 x86_64
libc:glibc 2.28 NPTL 2.28 
rlimit: STACK 8192k, CORE 0k, NPROC 30072, NOFILE 262144, AS infinity
load average:0.35 0.47 0.52

/proc/meminfo:
MemTotal:        7764280 kB
MemFree:          143848 kB
MemAvailable:    2231536 kB
Buffers:            3420 kB
Cached:          3248608 kB
SwapCached:          208 kB
Active:          1485336 kB
Inactive:        5316940 kB
Active(anon):      72444 kB
Inactive(anon):  4504304 kB
Active(file):    1412892 kB
Inactive(file):   812636 kB
Unevictable:      280860 kB
Mlocked:               0 kB
SwapTotal:       8093692 kB
SwapFree:        8088024 kB
Dirty:              1772 kB
Writeback:             0 kB
AnonPages:       3813384 kB
Mapped:           622808 kB
Shmem:           1026496 kB
KReclaimable:     165684 kB
Slab:             283892 kB
SReclaimable:     165684 kB
SUnreclaim:       118208 kB
KernelStack:       15424 kB
PageTables:        76928 kB
NFS_Unstable:          0 kB
Bounce:                0 kB
WritebackTmp:          0 kB
CommitLimit:    11975832 kB
Committed_AS:   22061268 kB
VmallocTotal:   34359738367 kB
VmallocUsed:           0 kB
VmallocChunk:          0 kB
Percpu:             3120 kB
HardwareCorrupted:     0 kB
AnonHugePages:    919552 kB
ShmemHugePages:        0 kB
ShmemPmdMapped:        0 kB
FileHugePages:         0 kB
FilePmdMapped:         0 kB
HugePages_Total:       0
HugePages_Free:        0
HugePages_Rsvd:        0
HugePages_Surp:        0
Hugepagesize:       2048 kB
Hugetlb:               0 kB
DirectMap4k:      300428 kB
DirectMap2M:     7901184 kB
DirectMap1G:           0 kB


CPU:total 4 (4 cores per cpu, 1 threads per core) family 6 model 158 stepping 9, cmov, cx8, fxsr, mmx, sse, sse2, sse3, ssse3, sse4.1, sse4.2, popcnt, avx, avx2, aes, clmul, erms, 3dnowpref, lzcnt, tsc, tscinvbit, bmi1, bmi2, adx

/proc/cpuinfo:
processor	: 0
vendor_id	: GenuineIntel
cpu family	: 6
model		: 158
model name	: Intel(R) Core(TM) i5-7400 CPU @ 3.00GHz
stepping	: 9
microcode	: 0xf0
cpu MHz		: 3375.424
cache size	: 6144 KB
physical id	: 0
siblings	: 4
core id		: 0
cpu cores	: 4
apicid		: 0
initial apicid	: 0
fpu		: yes
fpu_exception	: yes
cpuid level	: 22
wp		: yes
flags		: fpu vme de pse tsc msr pae mce cx8 apic sep mtrr pge mca cmov pat pse36 clflush dts acpi mmx fxsr sse sse2 ss ht tm pbe syscall nx pdpe1gb rdtscp lm constant_tsc art arch_perfmon pebs bts rep_good nopl xtopology nonstop_tsc cpuid aperfmperf tsc_known_freq pni pclmulqdq dtes64 monitor ds_cpl vmx est tm2 ssse3 sdbg fma cx16 xtpr pdcm pcid sse4_1 sse4_2 x2apic movbe popcnt tsc_deadline_timer aes xsave avx f16c rdrand lahf_lm abm 3dnowprefetch cpuid_fault epb invpcid_single pti ssbd ibrs ibpb stibp tpr_shadow vnmi flexpriority ept vpid ept_ad fsgsbase tsc_adjust bmi1 avx2 smep bmi2 erms invpcid mpx rdseed adx smap clflushopt intel_pt xsaveopt xsavec xgetbv1 xsaves dtherm ida arat pln pts hwp hwp_notify hwp_act_window hwp_epp md_clear flush_l1d arch_capabilities
bugs		: cpu_meltdown spectre_v1 spectre_v2 spec_store_bypass l1tf mds swapgs itlb_multihit srbds mmio_stale_data retbleed
bogomips	: 6000.00
clflush size	: 64
cache_alignment	: 64
address sizes	: 39 bits physical, 48 bits virtual
power management:

processor	: 1
vendor_id	: GenuineIntel
cpu family	: 6
model		: 158
model name	: Intel(R) Core(TM) i5-7400 CPU @ 3.00GHz
stepping	: 9
microcode	: 0xf0
cpu MHz		: 3350.898
cache size	: 6144 KB
physical id	: 0
siblings	: 4
core id		: 1
cpu cores	: 4
apicid		: 2
initial apicid	: 2
fpu		: yes
fpu_exception	: yes
cpuid level	: 22
wp		: yes
flags		: fpu vme de pse tsc msr pae mce cx8 apic sep mtrr pge mca cmov pat pse36 clflush dts acpi mmx fxsr sse sse2 ss ht tm pbe syscall nx pdpe1gb rdtscp lm constant_tsc art arch_perfmon pebs bts rep_good nopl xtopology nonstop_tsc cpuid aperfmperf tsc_known_freq pni pclmulqdq dtes64 monitor ds_cpl vmx est tm2 ssse3 sdbg fma cx16 xtpr pdcm pcid sse4_1 sse4_2 x2apic movbe popcnt tsc_deadline_timer aes xsave avx f16c rdrand lahf_lm abm 3dnowprefetch cpuid_fault epb invpcid_single pti ssbd ibrs ibpb stibp tpr_shadow vnmi flexpriority ept vpid ept_ad fsgsbase tsc_adjust bmi1 avx2 smep bmi2 erms invpcid mpx rdseed adx smap clflushopt intel_pt xsaveopt xsavec xgetbv1 xsaves dtherm ida arat pln pts hwp hwp_notify hwp_act_window hwp_epp md_clear flush_l1d arch_capabilities
bugs		: cpu_meltdown spectre_v1 spectre_v2 spec_store_bypass l1tf mds swapgs itlb_multihit srbds mmio_stale_data retbleed
bogomips	: 6000.00
clflush size	: 64
cache_alignment	: 64
address sizes	: 39 bits physical, 48 bits virtual
power management:

processor	: 2
vendor_id	: GenuineIntel
cpu family	: 6
model		: 158
model name	: Intel(R) Core(TM) i5-7400 CPU @ 3.00GHz
stepping	: 9
microcode	: 0xf0
cpu MHz		: 3000.000
cache size	: 6144 KB
physical id	: 0
siblings	: 4
core id		: 2
cpu cores	: 4
apicid		: 4
initial apicid	: 4
fpu		: yes
fpu_exception	: yes
cpuid level	: 22
wp		: yes
flags		: fpu vme de pse tsc msr pae mce cx8 apic sep mtrr pge mca cmov pat pse36 clflush dts acpi mmx fxsr sse sse2 ss ht tm pbe syscall nx pdpe1gb rdtscp lm constant_tsc art arch_perfmon pebs bts rep_good nopl xtopology nonstop_tsc cpuid aperfmperf tsc_known_freq pni pclmulqdq dtes64 monitor ds_cpl vmx est tm2 ssse3 sdbg fma cx16 xtpr pdcm pcid sse4_1 sse4_2 x2apic movbe popcnt tsc_deadline_timer aes xsave avx f16c rdrand lahf_lm abm 3dnowprefetch cpuid_fault epb invpcid_single pti ssbd ibrs ibpb stibp tpr_shadow vnmi flexpriority ept vpid ept_ad fsgsbase tsc_adjust bmi1 avx2 smep bmi2 erms invpcid mpx rdseed adx smap clflushopt intel_pt xsaveopt xsavec xgetbv1 xsaves dtherm ida arat pln pts hwp hwp_notify hwp_act_window hwp_epp md_clear flush_l1d arch_capabilities
bugs		: cpu_meltdown spectre_v1 spectre_v2 spec_store_bypass l1tf mds swapgs itlb_multihit srbds mmio_stale_data retbleed
bogomips	: 6000.00
clflush size	: 64
cache_alignment	: 64
address sizes	: 39 bits physical, 48 bits virtual
power management:

processor	: 3
vendor_id	: GenuineIntel
cpu family	: 6
model		: 158
model name	: Intel(R) Core(TM) i5-7400 CPU @ 3.00GHz
stepping	: 9
microcode	: 0xf0
cpu MHz		: 3000.000
cache size	: 6144 KB
physical id	: 0
siblings	: 4
core id		: 3
cpu cores	: 4
apicid		: 6
initial apicid	: 6
fpu		: yes
fpu_exception	: yes
cpuid level	: 22
wp		: yes
flags		: fpu vme de pse tsc msr pae mce cx8 apic sep mtrr pge mca cmov pat pse36 clflush dts acpi mmx fxsr sse sse2 ss ht tm pbe syscall nx pdpe1gb rdtscp lm constant_tsc art arch_perfmon pebs bts rep_good nopl xtopology nonstop_tsc cpuid aperfmperf tsc_known_freq pni pclmulqdq dtes64 monitor ds_cpl vmx est tm2 ssse3 sdbg fma cx16 xtpr pdcm pcid sse4_1 sse4_2 x2apic movbe popcnt tsc_deadline_timer aes xsave avx f16c rdrand lahf_lm abm 3dnowprefetch cpuid_fault epb invpcid_single pti ssbd ibrs ibpb stibp tpr_shadow vnmi flexpriority ept vpid ept_ad fsgsbase tsc_adjust bmi1 avx2 smep bmi2 erms invpcid mpx rdseed adx smap clflushopt intel_pt xsaveopt xsavec xgetbv1 xsaves dtherm ida arat pln pts hwp hwp_notify hwp_act_window hwp_epp md_clear flush_l1d arch_capabilities
bugs		: cpu_meltdown spectre_v1 spectre_v2 spec_store_bypass l1tf mds swapgs itlb_multihit srbds mmio_stale_data retbleed
bogomips	: 6000.00
clflush size	: 64
cache_alignment	: 64
address sizes	: 39 bits physical, 48 bits virtual
power management:



Memory: 4k page, physical 7764280k(143848k free), swap 8093692k(8088024k free)

vm_info: Java HotSpot(TM) 64-Bit Server VM (25.40-b25) for linux-amd64 JRE (1.8.0_40-b26), built on Mar  7 2015 15:08:31 by "java_re" with gcc 4.3.0 20080428 (Red Hat 4.3.0-8)

time: Tue Aug 25 13:28:54 2026
elapsed time: 240 seconds (0d 0h 4m 0s)

